Archive member included to satisfy reference by file (symbol)

/Applications/STM32CubeIDE.app/Contents/Eclipse/plugins/com.st.stm32cube.ide.mcu.externaltools.gnu-tools-for-stm32.9-2020-q2-update.macos64_1.5.0.202011040924/tools/bin/../lib/gcc/arm-none-eabi/9.3.1/../../../../arm-none-eabi/lib/thumb/v7e-m+fp/hard/libc_nano.a(lib_a-errno.o)
                              Core/Src/syscalls.o (__errno)
/Applications/STM32CubeIDE.app/Contents/Eclipse/plugins/com.st.stm32cube.ide.mcu.externaltools.gnu-tools-for-stm32.9-2020-q2-update.macos64_1.5.0.202011040924/tools/bin/../lib/gcc/arm-none-eabi/9.3.1/../../../../arm-none-eabi/lib/thumb/v7e-m+fp/hard/libc_nano.a(lib_a-exit.o)
                              /Applications/STM32CubeIDE.app/Contents/Eclipse/plugins/com.st.stm32cube.ide.mcu.externaltools.gnu-tools-for-stm32.9-2020-q2-update.macos64_1.5.0.202011040924/tools/bin/../lib/gcc/arm-none-eabi/9.3.1/../../../../arm-none-eabi/lib/thumb/v7e-m+fp/hard/crt0.o (exit)
/Applications/STM32CubeIDE.app/Contents/Eclipse/plugins/com.st.stm32cube.ide.mcu.externaltools.gnu-tools-for-stm32.9-2020-q2-update.macos64_1.5.0.202011040924/tools/bin/../lib/gcc/arm-none-eabi/9.3.1/../../../../arm-none-eabi/lib/thumb/v7e-m+fp/hard/libc_nano.a(lib_a-impure.o)
                              /Applications/STM32CubeIDE.app/Contents/Eclipse/plugins/com.st.stm32cube.ide.mcu.externaltools.gnu-tools-for-stm32.9-2020-q2-update.macos64_1.5.0.202011040924/tools/bin/../lib/gcc/arm-none-eabi/9.3.1/../../../../arm-none-eabi/lib/thumb/v7e-m+fp/hard/libc_nano.a(lib_a-exit.o) (_global_impure_ptr)
/Applications/STM32CubeIDE.app/Contents/Eclipse/plugins/com.st.stm32cube.ide.mcu.externaltools.gnu-tools-for-stm32.9-2020-q2-update.macos64_1.5.0.202011040924/tools/bin/../lib/gcc/arm-none-eabi/9.3.1/../../../../arm-none-eabi/lib/thumb/v7e-m+fp/hard/libc_nano.a(lib_a-init.o)
                              /Applications/STM32CubeIDE.app/Contents/Eclipse/plugins/com.st.stm32cube.ide.mcu.externaltools.gnu-tools-for-stm32.9-2020-q2-update.macos64_1.5.0.202011040924/tools/bin/../lib/gcc/arm-none-eabi/9.3.1/../../../../arm-none-eabi/lib/thumb/v7e-m+fp/hard/crt0.o (__libc_init_array)
/Applications/STM32CubeIDE.app/Contents/Eclipse/plugins/com.st.stm32cube.ide.mcu.externaltools.gnu-tools-for-stm32.9-2020-q2-update.macos64_1.5.0.202011040924/tools/bin/../lib/gcc/arm-none-eabi/9.3.1/../../../../arm-none-eabi/lib/thumb/v7e-m+fp/hard/libc_nano.a(lib_a-memcpy-stub.o)
                              Core/Src/eeprom.o (memcpy)
/Applications/STM32CubeIDE.app/Contents/Eclipse/plugins/com.st.stm32cube.ide.mcu.externaltools.gnu-tools-for-stm32.9-2020-q2-update.macos64_1.5.0.202011040924/tools/bin/../lib/gcc/arm-none-eabi/9.3.1/../../../../arm-none-eabi/lib/thumb/v7e-m+fp/hard/libc_nano.a(lib_a-memset.o)
                              /Applications/STM32CubeIDE.app/Contents/Eclipse/plugins/com.st.stm32cube.ide.mcu.externaltools.gnu-tools-for-stm32.9-2020-q2-update.macos64_1.5.0.202011040924/tools/bin/../lib/gcc/arm-none-eabi/9.3.1/../../../../arm-none-eabi/lib/thumb/v7e-m+fp/hard/crt0.o (memset)
/Applications/STM32CubeIDE.app/Contents/Eclipse/plugins/com.st.stm32cube.ide.mcu.externaltools.gnu-tools-for-stm32.9-2020-q2-update.macos64_1.5.0.202011040924/tools/bin/../lib/gcc/arm-none-eabi/9.3.1/../../../../arm-none-eabi/lib/thumb/v7e-m+fp/hard/libm.a(lib_a-sf_fmax.o)
                              Core/Src/foc.o (fmaxf)
/Applications/STM32CubeIDE.app/Contents/Eclipse/plugins/com.st.stm32cube.ide.mcu.externaltools.gnu-tools-for-stm32.9-2020-q2-update.macos64_1.5.0.202011040924/tools/bin/../lib/gcc/arm-none-eabi/9.3.1/../../../../arm-none-eabi/lib/thumb/v7e-m+fp/hard/libm.a(lib_a-sf_fmin.o)
                              Core/Src/foc.o (fminf)
/Applications/STM32CubeIDE.app/Contents/Eclipse/plugins/com.st.stm32cube.ide.mcu.externaltools.gnu-tools-for-stm32.9-2020-q2-update.macos64_1.5.0.202011040924/tools/bin/../lib/gcc/arm-none-eabi/9.3.1/../../../../arm-none-eabi/lib/thumb/v7e-m+fp/hard/libm.a(lib_a-sf_fpclassify.o)
                              /Applications/STM32CubeIDE.app/Contents/Eclipse/plugins/com.st.stm32cube.ide.mcu.externaltools.gnu-tools-for-stm32.9-2020-q2-update.macos64_1.5.0.202011040924/tools/bin/../lib/gcc/arm-none-eabi/9.3.1/../../../../arm-none-eabi/lib/thumb/v7e-m+fp/hard/libm.a(lib_a-sf_fmax.o) (__fpclassifyf)
/Applications/STM32CubeIDE.app/Contents/Eclipse/plugins/com.st.stm32cube.ide.mcu.externaltools.gnu-tools-for-stm32.9-2020-q2-update.macos64_1.5.0.202011040924/tools/bin/../lib/gcc/arm-none-eabi/9.3.1/../../../../arm-none-eabi/lib/thumb/v7e-m+fp/hard/libm.a(lib_a-sf_round.o)
                              Core/Src/position_sensor.o (roundf)
/Applications/STM32CubeIDE.app/Contents/Eclipse/plugins/com.st.stm32cube.ide.mcu.externaltools.gnu-tools-for-stm32.9-2020-q2-update.macos64_1.5.0.202011040924/tools/bin/../lib/gcc/arm-none-eabi/9.3.1/../../../../arm-none-eabi/lib/thumb/v7e-m+fp/hard/libm.a(lib_a-wf_fmod.o)
                              Core/Src/foc.o (fmodf)
[...]
Memory Configuration

Name             Origin             Length             Attributes
RAM              0x0000000020000000 0x0000000000008000 xrw
FLASH            0x0000000008000000 0x0000000000020000 xr
*default*        0x0000000000000000 0xffffffffffffffff

Linker script and memory map

LOAD /Applications/STM32CubeIDE.app/Contents/Eclipse/plugins/com.st.stm32cube.ide.mcu.externaltools.gnu-tools-for-stm32.9-2020-q2-update.macos64_1.5.0.202011040924/tools/bin/../lib/gcc/arm-none-eabi/9.3.1/thumb/v7e-m+fp/hard/crti.o
LOAD /Applications/STM32CubeIDE.app/Contents/Eclipse/plugins/com.st.stm32cube.ide.mcu.externaltools.gnu-tools-for-stm32.9-2020-q2-update.macos64_1.5.0.202011040924/tools/bin/../lib/gcc/arm-none-eabi/9.3.1/thumb/v7e-m+fp/hard/crtbegin.o
LOAD /Applications/STM32CubeIDE.app/Contents/Eclipse/plugins/com.st.stm32cube.ide.mcu.externaltools.gnu-tools-for-stm32.9-2020-q2-update.macos64_1.5.0.202011040924/tools/bin/../lib/gcc/arm-none-eabi/9.3.1/../../../../arm-none-eabi/lib/thumb/v7e-m+fp/hard/crt0.o
LOAD Core/Src/control_table.o
LOAD Core/Src/eeprom.o
LOAD Core/Src/foc.o
LOAD Core/Src/main.o
LOAD Core/Src/math_tool.o
LOAD Core/Src/pic.o
LOAD Core/Src/position_sensor.o
LOAD Core/Src/protocol.o
LOAD Core/Src/serial.o
LOAD Core/Src/stm32g4xx_hal_msp.o
LOAD Core/Src/stm32g4xx_it.o
LOAD Core/Src/syscalls.o
LOAD Core/Src/sysmem.o
LOAD Core/Src/system_stm32g4xx.o
LOAD Core/Startup/startup_stm32g431cbux.o
LOAD Drivers/STM32G4xx_HAL_Driver/Src/stm32g4xx_hal.o
LOAD Drivers/STM32G4xx_HAL_Driver/Src/stm32g4xx_hal_adc.o
LOAD Drivers/STM32G4xx_HAL_Driver/Src/stm32g4xx_hal_adc_ex.o
LOAD Drivers/STM32G4xx_HAL_Driver/Src/stm32g4xx_hal_cordic.o
LOAD Drivers/STM32G4xx_HAL_Driver/Src/stm32g4xx_hal_cortex.o
LOAD Drivers/STM32G4xx_HAL_Driver/Src/stm32g4xx_hal_dma.o
LOAD Drivers/STM32G4xx_HAL_Driver/Src/stm32g4xx_hal_dma_ex.o
LOAD Drivers/STM32G4xx_HAL_Driver/Src/stm32g4xx_hal_exti.o
LOAD Drivers/STM32G4xx_HAL_Driver/Src/stm32g4xx_hal_fdcan.o
LOAD Drivers/STM32G4xx_HAL_Driver/Src/stm32g4xx_hal_flash.o
LOAD Drivers/STM32G4xx_HAL_Driver/Src/stm32g4xx_hal_flash_ex.o
LOAD Drivers/STM32G4xx_HAL_Driver/Src/stm32g4xx_hal_flash_ramfunc.o
LOAD Drivers/STM32G4xx_HAL_Driver/Src/stm32g4xx_hal_gpio.o
LOAD Drivers/STM32G4xx_HAL_Driver/Src/stm32g4xx_hal_opamp.o
LOAD Drivers/STM32G4xx_HAL_Driver/Src/stm32g4xx_hal_opamp_ex.o
LOAD Drivers/STM32G4xx_HAL_Driver/Src/stm32g4xx_hal_pwr.o
LOAD Drivers/STM32G4xx_HAL_Driver/Src/stm32g4xx_hal_pwr_ex.o
LOAD Drivers/STM32G4xx_HAL_Driver/Src/stm32g4xx_hal_rcc.o
LOAD Drivers/STM32G4xx_HAL_Driver/Src/stm32g4xx_hal_rcc_ex.o
LOAD Drivers/STM32G4xx_HAL_Driver/Src/stm32g4xx_hal_tim.o
LOAD Drivers/STM32G4xx_HAL_Driver/Src/stm32g4xx_hal_tim_ex.o
LOAD Drivers/STM32G4xx_HAL_Driver/Src/stm32g4xx_hal_uart.o
LOAD Drivers/STM32G4xx_HAL_Driver/Src/stm32g4xx_hal_uart_ex.o
LOAD Drivers/STM32G4xx_HAL_Driver/Src/stm32g4xx_ll_adc.o
START GROUP
LOAD /Applications/STM32CubeIDE.app/Contents/Eclipse/plugins/com.st.stm32cube.ide.mcu.externaltools.gnu-tools-for-stm32.9-2020-q2-update.macos64_1.5.0.202011040924/tools/bin/../lib/gcc/arm-none-eabi/9.3.1/../../../../arm-none-eabi/lib/thumb/v7e-m+fp/hard/libc_nano.a
LOAD /Applications/STM32CubeIDE.app/Contents/Eclipse/plugins/com.st.stm32cube.ide.mcu.externaltools.gnu-tools-for-stm32.9-2020-q2-update.macos64_1.5.0.202011040924/tools/bin/../lib/gcc/arm-none-eabi/9.3.1/../../../../arm-none-eabi/lib/thumb/v7e-m+fp/hard/libm.a
END GROUP
START GROUP
LOAD /Applications/STM32CubeIDE.app/Contents/Eclipse/plugins/com.st.stm32cube.ide.mcu.externaltools.gnu-tools-for-stm32.9-2020-q2-update.macos64_1.5.0.202011040924/tools/bin/../lib/gcc/arm-none-eabi/9.3.1/thumb/v7e-m+fp/hard/libgcc.a
LOAD /Applications/STM32CubeIDE.app/Contents/Eclipse/plugins/com.st.stm32cube.ide.mcu.externaltools.gnu-tools-for-stm32.9-2020-q2-update.macos64_1.5.0.202011040924/tools/bin/../lib/gcc/arm-none-eabi/9.3.1/../../../../arm-none-eabi/lib/thumb/v7e-m+fp/hard/libc_nano.a
END GROUP
START GROUP
LOAD /Applications/STM32CubeIDE.app/Contents/Eclipse/plugins/com.st.stm32cube.ide.mcu.externaltools.gnu-tools-for-stm32.9-2020-q2-update.macos64_1.5.0.202011040924/tools/bin/../lib/gcc/arm-none-eabi/9.3.1/thumb/v7e-m+fp/hard/libgcc.a
LOAD /Applications/STM32CubeIDE.app/Contents/Eclipse/plugins/com.st.stm32cube.ide.mcu.externaltools.gnu-tools-for-stm32.9-2020-q2-update.macos64_1.5.0.202011040924/tools/bin/../lib/gcc/arm-none-eabi/9.3.1/../../../../arm-none-eabi/lib/thumb/v7e-m+fp/hard/libc_nano.a
LOAD /Applications/STM32CubeIDE.app/Contents/Eclipse/plugins/com.st.stm32cube.ide.mcu.externaltools.gnu-tools-for-stm32.9-2020-q2-update.macos64_1.5.0.202011040924/tools/bin/../lib/gcc/arm-none-eabi/9.3.1/../../../../arm-none-eabi/lib/thumb/v7e-m+fp/hard/libnosys.a
END GROUP
START GROUP
LOAD /Applications/STM32CubeIDE.app/Contents/Eclipse/plugins/com.st.stm32cube.ide.mcu.externaltools.gnu-tools-for-stm32.9-2020-q2-update.macos64_1.5.0.202011040924/tools/bin/../lib/gcc/arm-none-eabi/9.3.1/thumb/v7e-m+fp/hard/libgcc.a
LOAD /Applications/STM32CubeIDE.app/Contents/Eclipse/plugins/com.st.stm32cube.ide.mcu.externaltools.gnu-tools-for-stm32.9-2020-q2-update.macos64_1.5.0.202011040924/tools/bin/../lib/gcc/arm-none-eabi/9.3.1/../../../../arm-none-eabi/lib/thumb/v7e-m+fp/hard/libc_nano.a
LOAD /Applications/STM32CubeIDE.app/Contents/Eclipse/plugins/com.st.stm32cube.ide.mcu.externaltools.gnu-tools-for-stm32.9-2020-q2-update.macos64_1.5.0.202011040924/tools/bin/../lib/gcc/arm-none-eabi/9.3.1/../../../../arm-none-eabi/lib/thumb/v7e-m+fp/hard/libnosys.a
END GROUP
LOAD /Applications/STM32CubeIDE.app/Contents/Eclipse/plugins/com.st.stm32cube.ide.mcu.externaltools.gnu-tools-for-stm32.9-2020-q2-update.macos64_1.5.0.202011040924/tools/bin/../lib/gcc/arm-none-eabi/9.3.1/thumb/v7e-m+fp/hard/crtend.o
LOAD /Applications/STM32CubeIDE.app/Contents/Eclipse/plugins/com.st.stm32cube.ide.mcu.externaltools.gnu-tools-for-stm32.9-2020-q2-update.macos64_1.5.0.202011040924/tools/bin/../lib/gcc/arm-none-eabi/9.3.1/thumb/v7e-m+fp/hard/crtn.o
                0x0000000020008000                _estack = (ORIGIN (RAM) + LENGTH (RAM))
                0x0000000000000200                _Min_Heap_Size = 0x200
                0x0000000000000400                _Min_Stack_Size = 0x400

.isr_vector     0x0000000008000000      0x1d8
                0x0000000008000000                . = ALIGN (0x4)
 *(.isr_vector)
 .isr_vector    0x0000000008000000      0x1d8 Core/Startup/startup_stm32g431cbux.o
                0x0000000008000000                g_pfnVectors
                0x00000000080001d8                . = ALIGN (0x4)

.text           0x00000000080001d8     0x8be0
                0x00000000080001d8                . = ALIGN (0x4)
 *(.text)
 .text          0x00000000080001d8       0x40 /Applications/STM32CubeIDE.app/Contents/Eclipse/plugins/com.st.stm32cube.ide.mcu.externaltools.gnu-tools-for-stm32.9-2020-q2-update.macos64_1.5.0.202011040924/tools/bin/../lib/gcc/arm-none-eabi/9.3.1/thumb/v7e-m+fp/hard/crtbegin.o
 .text          0x0000000008000218      0x378 /Applications/STM32CubeIDE.app/Contents/Eclipse/plugins/com.st.stm32cube.ide.mcu.externaltools.gnu-tools-for-stm32.9-2020-q2-update.macos64_1.5.0.202011040924/tools/bin/../lib/gcc/arm-none-eabi/9.3.1/thumb/v7e-m+fp/hard/libgcc.a(_arm_addsubdf3.o)
                0x0000000008000218                __aeabi_drsub
                0x0000000008000220                __subdf3
                0x0000000008000220                __aeabi_dsub
                0x0000000008000224                __aeabi_dadd
                0x0000000008000224                __adddf3
                0x000000000800049c                __aeabi_ui2d
                0x000000000800049c                __floatunsidf
                0x00000000080004bc                __floatsidf
                0x00000000080004bc                __aeabi_i2d
                0x00000000080004e0                __extendsfdf2
                0x00000000080004e0                __aeabi_f2d
                0x0000000008000524                __aeabi_ul2d
                0x0000000008000524                __floatundidf
                0x0000000008000534                __aeabi_l2d
                0x0000000008000534                __floatdidf
 .text          0x0000000008000590      0x424 /Applications/STM32CubeIDE.app/Contents/Eclipse/plugins/com.st.stm32cube.ide.mcu.externaltools.gnu-tools-for-stm32.9-2020-q2-update.macos64_1.5.0.202011040924/tools/bin/../lib/gcc/arm-none-eabi/9.3.1/thumb/v7e-m+fp/hard/libgcc.a(_arm_muldivdf3.o)
                0x0000000008000590                __aeabi_dmul
                0x0000000008000590                __muldf3
                0x00000000080007e4                __aeabi_ddiv
                0x00000000080007e4                __divdf3
 .text          0x00000000080009b4      0x110 /Applications/STM32CubeIDE.app/Contents/Eclipse/plugins/com.st.stm32cube.ide.mcu.externaltools.gnu-tools-for-stm32.9-2020-q2-update.macos64_1.5.0.202011040924/tools/bin/../lib/gcc/arm-none-eabi/9.3.1/thumb/v7e-m+fp/hard/libgcc.a(_arm_cmpdf2.o)
                0x00000000080009b4                __gedf2
                0x00000000080009b4                __gtdf2
                0x00000000080009bc                __ledf2
                0x00000000080009bc                __ltdf2
                0x00000000080009c4                __cmpdf2
                0x00000000080009c4                __eqdf2
                0x00000000080009c4                __nedf2
                0x0000000008000a40                __aeabi_cdrcmple
                0x0000000008000a50                __aeabi_cdcmple
                0x0000000008000a50                __aeabi_cdcmpeq
                0x0000000008000a60                __aeabi_dcmpeq
                0x0000000008000a74                __aeabi_dcmplt
                0x0000000008000a88                __aeabi_dcmple
                0x0000000008000a9c                __aeabi_dcmpge
                0x0000000008000ab0                __aeabi_dcmpgt
 .text          0x0000000008000ac4       0x50 /Applications/STM32CubeIDE.app/Contents/Eclipse/plugins/com.st.stm32cube.ide.mcu.externaltools.gnu-tools-for-stm32.9-2020-q2-update.macos64_1.5.0.202011040924/tools/bin/../lib/gcc/arm-none-eabi/9.3.1/thumb/v7e-m+fp/hard/libgcc.a(_arm_fixdfsi.o)
                0x0000000008000ac4                __fixdfsi
                0x0000000008000ac4                __aeabi_d2iz
 .text          0x0000000008000b14       0xa0 /Applications/STM32CubeIDE.app/Contents/Eclipse/plugins/com.st.stm32cube.ide.mcu.externaltools.gnu-tools-for-stm32.9-2020-q2-update.macos64_1.5.0.202011040924/tools/bin/../lib/gcc/arm-none-eabi/9.3.1/thumb/v7e-m+fp/hard/libgcc.a(_arm_truncdfsf2.o)
                0x0000000008000b14                __aeabi_d2f
                0x0000000008000b14                __truncdfsf2
 .text          0x0000000008000bb4       0x30 /Applications/STM32CubeIDE.app/Contents/Eclipse/plugins/com.st.stm32cube.ide.mcu.externaltools.gnu-tools-for-stm32.9-2020-q2-update.macos64_1.5.0.202011040924/tools/bin/../lib/gcc/arm-none-eabi/9.3.1/thumb/v7e-m+fp/hard/libgcc.a(_aeabi_uldivmod.o)
                0x0000000008000bb4                __aeabi_uldivmod
 .text          0x0000000008000be4      0x2c4 /Applications/STM32CubeIDE.app/Contents/Eclipse/plugins/com.st.stm32cube.ide.mcu.externaltools.gnu-tools-for-stm32.9-2020-q2-update.macos64_1.5.0.202011040924/tools/bin/../lib/gcc/arm-none-eabi/9.3.1/thumb/v7e-m+fp/hard/libgcc.a(_udivmoddi4.o)
                0x0000000008000be4                __udivmoddi4
 .text          0x0000000008000ea8        0x4 /Applications/STM32CubeIDE.app/Contents/Eclipse/plugins/com.st.stm32cube.ide.mcu.externaltools.gnu-tools-for-stm32.9-2020-q2-update.macos64_1.5.0.202011040924/tools/bin/../lib/gcc/arm-none-eabi/9.3.1/thumb/v7e-m+fp/hard/libgcc.a(_dvmd_tls.o)
                0x0000000008000ea8                __aeabi_ldiv0
                0x0000000008000ea8                __aeabi_idiv0
 *(.text*)
 .text.factory_reset_eeprom_regs
                0x0000000008000eac      0x144 Core/Src/control_table.o
                0x0000000008000eac                factory_reset_eeprom_regs
 .text.load_eeprom_regs
                0x0000000008000ff0        0xc Core/Src/control_table.o
                0x0000000008000ff0                load_eeprom_regs
 .text.store_eeprom_regs
                0x0000000008000ffc        0xc Core/Src/control_table.o
                0x0000000008000ffc                store_eeprom_regs
 .text.reset_ram_regs
                0x0000000008001008       0x1c Core/Src/control_table.o
                0x0000000008001008                reset_ram_regs
 .text.eeprom_empty
                0x0000000008001024       0x14 Core/Src/eeprom.o
                0x0000000008001024                eeprom_empty
 .text.eeprom_restore
                0x0000000008001038       0x14 Core/Src/eeprom.o
                0x0000000008001038                eeprom_restore
 .text.eeprom_store
                0x000000000800104c       0x90 Core/Src/eeprom.o
                0x000000000800104c                eeprom_store
 *fill*         0x00000000080010dc        0x4 
 .text.WRAP_TO_PI
                0x00000000080010e0       0x94 Core/Src/foc.o
                0x00000000080010e0                WRAP_TO_PI
 .text.API_CORDIC_Processor_Init
                0x0000000008001174       0x28 Core/Src/foc.o
                0x0000000008001174                API_CORDIC_Processor_Init
 *fill*         0x000000000800119c        0x4 
 .text.API_CORDIC_Processor_Update
                0x00000000080011a0       0x7c Core/Src/foc.o
                0x00000000080011a0                API_CORDIC_Processor_Update
 .text.API_FOC_Init
                0x000000000800121c       0xac Core/Src/foc.o
                0x000000000800121c                API_FOC_Init
 .text.LL_FOC_Update_Temperature
                0x00000000080012c8       0xac Core/Src/foc.o
                0x00000000080012c8                LL_FOC_Update_Temperature
 .text.LL_FOC_Update_Voltage
                0x0000000008001374       0x8c Core/Src/foc.o
                0x0000000008001374                LL_FOC_Update_Voltage
 .text.LL_FOC_Inverse_Clarke_Park_PWM_Generation
                0x0000000008001400      0x180 Core/Src/foc.o
                0x0000000008001400                LL_FOC_Inverse_Clarke_Park_PWM_Generation
 .text.API_FOC_Set_Flux_Velocity
                0x0000000008001580      0x114 Core/Src/foc.o
                0x0000000008001580                API_FOC_Set_Flux_Velocity
 *fill*         0x0000000008001694        0x4 
 .text.API_FOC_Torque_Update
                0x0000000008001698      0x3a0 Core/Src/foc.o
                0x0000000008001698                API_FOC_Torque_Update
 .text.API_FOC_Get_Present_Velocity
                0x0000000008001a38        0xc Core/Src/foc.o
                0x0000000008001a38                API_FOC_Get_Present_Velocity
 .text.API_FOC_Get_Present_Torque_Current
                0x0000000008001a44        0xc Core/Src/foc.o
                0x0000000008001a44                API_FOC_Get_Present_Torque_Current
 .text.API_FOC_Get_Present_Flux_Current
                0x0000000008001a50        0xc Core/Src/foc.o
                0x0000000008001a50                API_FOC_Get_Present_Flux_Current
 .text.API_FOC_Get_Present_Voltage
                0x0000000008001a5c        0xc Core/Src/foc.o
                0x0000000008001a5c                API_FOC_Get_Present_Voltage
 .text.API_FOC_Get_Present_Temp
                0x0000000008001a68        0xc Core/Src/foc.o
                0x0000000008001a68                API_FOC_Get_Present_Temp
 .text.API_FOC_Get_Processing_Time
                0x0000000008001a74        0xc Core/Src/foc.o
                0x0000000008001a74                API_FOC_Get_Processing_Time
 .text.API_FOC_It
                0x0000000008001a80      0x128 Core/Src/foc.o
                0x0000000008001a80                API_FOC_It
 .text.HAL_TIM_IC_CaptureCallback
                0x0000000008001ba8        0x4 Core/Src/main.o
                0x0000000008001ba8                HAL_TIM_IC_CaptureCallback
 .text.HAL_ADC_ConvCpltCallback
                0x0000000008001bac        0x4 Core/Src/main.o
                0x0000000008001bac                HAL_ADC_ConvCpltCallback
 .text.SystemClock_Config
                0x0000000008001bb0       0x98 Core/Src/main.o
                0x0000000008001bb0                SystemClock_Config
 .text.startup.main
                0x0000000008001c48     0x1250 Core/Src/main.o
                0x0000000008001c48                main
 .text.Error_Handler
                0x0000000008002e98        0x4 Core/Src/main.o
                0x0000000008002e98                Error_Handler
 .text.fconstrain
                0x0000000008002e9c       0x20 Core/Src/math_tool.o
                0x0000000008002e9c                fconstrain
 .text.pid_reset
                0x0000000008002ebc        0xc Core/Src/pic.o
                0x0000000008002ebc                pid_reset
 .text.pid_process_antiwindup_clamp_with_ff
                0x0000000008002ec8       0x84 Core/Src/pic.o
                0x0000000008002ec8                pid_process_antiwindup_clamp_with_ff
 .text.API_AS5048A_Position_Sensor_Init
                0x0000000008002f4c       0x34 Core/Src/position_sensor.o
                0x0000000008002f4c                API_AS5048A_Position_Sensor_Init
 .text.API_AS5048A_Position_Sensor_It
                0x0000000008002f80      0x2a8 Core/Src/position_sensor.o
                0x0000000008002f80                API_AS5048A_Position_Sensor_It
 .text.API_AS5048A_Position_Sensor_Get_Radians_Estimation
                0x0000000008003228       0x5c Core/Src/position_sensor.o
                0x0000000008003228                API_AS5048A_Position_Sensor_Get_Radians_Estimation
 .text.API_AS5048A_Position_Sensor_Get_Multiturn_Radians
                0x0000000008003284        0xc Core/Src/position_sensor.o
                0x0000000008003284                API_AS5048A_Position_Sensor_Get_Multiturn_Radians
 .text.API_AS5048A_Position_Sensor_Get_DPS
                0x0000000008003290       0x40 Core/Src/position_sensor.o
                0x0000000008003290                API_AS5048A_Position_Sensor_Get_DPS
 .text.packet_encapsulate
                0x00000000080032d0       0x7c Core/Src/protocol.o
                0x00000000080032d0                packet_encapsulate
 .text.instruction_handler
                0x000000000800334c      0x1c8 Core/Src/protocol.o
                0x000000000800334c                instruction_handler
 .text.packet_handler
                0x0000000008003514      0x16c Core/Src/protocol.o
                0x0000000008003514                packet_handler
 .text.HAL_UART_ErrorCallback
                0x0000000008003680       0x48 Core/Src/serial.o
                0x0000000008003680                HAL_UART_ErrorCallback
 .text.HAL_Serial_Init
                0x00000000080036c8       0x70 Core/Src/serial.o
                0x00000000080036c8                HAL_Serial_Init
 .text.HAL_Serial_Available
                0x0000000008003738       0x2c Core/Src/serial.o
                0x0000000008003738                HAL_Serial_Available
 .text.HAL_Serial_GetChar
                0x0000000008003764       0x40 Core/Src/serial.o
                0x0000000008003764                HAL_Serial_GetChar
 .text.HAL_Serial_Write
                0x00000000080037a4       0xa8 Core/Src/serial.o
                0x00000000080037a4                HAL_Serial_Write
 .text.HAL_UART_TxCpltCallback
                0x000000000800384c       0xb4 Core/Src/serial.o
                0x000000000800384c                HAL_UART_TxCpltCallback
 .text.ts_itoa  0x0000000008003900       0x5c Core/Src/serial.o
                0x0000000008003900                ts_itoa
 .text.ts_formatstring
                0x000000000800395c       0xfc Core/Src/serial.o
                0x000000000800395c                ts_formatstring
 .text.ts_formatlength
                0x0000000008003a58       0x98 Core/Src/serial.o
                0x0000000008003a58                ts_formatlength
 .text.HAL_Serial_Print
                0x0000000008003af0       0x48 Core/Src/serial.o
                0x0000000008003af0                HAL_Serial_Print
 .text.HAL_MspInit
                0x0000000008003b38       0x34 Core/Src/stm32g4xx_hal_msp.o
                0x0000000008003b38                HAL_MspInit
 .text.HAL_ADC_MspInit
                0x0000000008003b6c      0x154 Core/Src/stm32g4xx_hal_msp.o
                0x0000000008003b6c                HAL_ADC_MspInit
 .text.HAL_CORDIC_MspInit
                0x0000000008003cc0       0x44 Core/Src/stm32g4xx_hal_msp.o
                0x0000000008003cc0                HAL_CORDIC_MspInit
 .text.HAL_FDCAN_MspInit
                0x0000000008003d04       0x94 Core/Src/stm32g4xx_hal_msp.o
                0x0000000008003d04                HAL_FDCAN_MspInit
 .text.HAL_OPAMP_MspInit
                0x0000000008003d98       0xc0 Core/Src/stm32g4xx_hal_msp.o
                0x0000000008003d98                HAL_OPAMP_MspInit
 .text.HAL_TIM_Base_MspInit
                0x0000000008003e58       0x50 Core/Src/stm32g4xx_hal_msp.o
                0x0000000008003e58                HAL_TIM_Base_MspInit
 .text.HAL_TIM_IC_MspInit
                0x0000000008003ea8       0x78 Core/Src/stm32g4xx_hal_msp.o
                0x0000000008003ea8                HAL_TIM_IC_MspInit
 .text.HAL_TIM_MspPostInit
                0x0000000008003f20       0xb0 Core/Src/stm32g4xx_hal_msp.o
                0x0000000008003f20                HAL_TIM_MspPostInit
 .text.HAL_UART_MspInit
                0x0000000008003fd0       0xe8 Core/Src/stm32g4xx_hal_msp.o
                0x0000000008003fd0                HAL_UART_MspInit
 .text.NMI_Handler
                0x00000000080040b8        0x4 Core/Src/stm32g4xx_it.o
                0x00000000080040b8                NMI_Handler
 .text.HardFault_Handler
                0x00000000080040bc        0x4 Core/Src/stm32g4xx_it.o
                0x00000000080040bc                HardFault_Handler
 .text.MemManage_Handler
                0x00000000080040c0        0x4 Core/Src/stm32g4xx_it.o
                0x00000000080040c0                MemManage_Handler
 .text.BusFault_Handler
                0x00000000080040c4        0x4 Core/Src/stm32g4xx_it.o
                0x00000000080040c4                BusFault_Handler
 .text.UsageFault_Handler
                0x00000000080040c8        0x4 Core/Src/stm32g4xx_it.o
                0x00000000080040c8                UsageFault_Handler
 .text.SVC_Handler
                0x00000000080040cc        0x4 Core/Src/stm32g4xx_it.o
                0x00000000080040cc                SVC_Handler
 .text.DebugMon_Handler
                0x00000000080040d0        0x4 Core/Src/stm32g4xx_it.o
                0x00000000080040d0                DebugMon_Handler
 .text.PendSV_Handler
                0x00000000080040d4        0x4 Core/Src/stm32g4xx_it.o
                0x00000000080040d4                PendSV_Handler
 .text.SysTick_Handler
                0x00000000080040d8        0x4 Core/Src/stm32g4xx_it.o
                0x00000000080040d8                SysTick_Handler
 .text.DMA1_Channel1_IRQHandler
                0x00000000080040dc        0xc Core/Src/stm32g4xx_it.o
                0x00000000080040dc                DMA1_Channel1_IRQHandler
 .text.DMA1_Channel2_IRQHandler
                0x00000000080040e8        0xc Core/Src/stm32g4xx_it.o
                0x00000000080040e8                DMA1_Channel2_IRQHandler
 .text.DMA1_Channel3_IRQHandler
                0x00000000080040f4        0xc Core/Src/stm32g4xx_it.o
                0x00000000080040f4                DMA1_Channel3_IRQHandler
 .text.DMA1_Channel4_IRQHandler
                0x0000000008004100        0xc Core/Src/stm32g4xx_it.o
                0x0000000008004100                DMA1_Channel4_IRQHandler
 .text.ADC1_2_IRQHandler
                0x000000000800410c       0x1c Core/Src/stm32g4xx_it.o
                0x000000000800410c                ADC1_2_IRQHandler
 .text.TIM4_IRQHandler
                0x0000000008004128        0xc Core/Src/stm32g4xx_it.o
                0x0000000008004128                TIM4_IRQHandler
 .text.USART2_IRQHandler
                0x0000000008004134        0xc Core/Src/stm32g4xx_it.o
                0x0000000008004134                USART2_IRQHandler
 .text.CORDIC_IRQHandler
                0x0000000008004140        0xc Core/Src/stm32g4xx_it.o
                0x0000000008004140                CORDIC_IRQHandler
 .text.SystemInit
                0x000000000800414c       0x1c Core/Src/system_stm32g4xx.o
                0x000000000800414c                SystemInit
 .text.Reset_Handler
                0x0000000008004168       0x50 Core/Startup/startup_stm32g431cbux.o
                0x0000000008004168                Reset_Handler
 .text.Default_Handler
                0x00000000080041b8        0x2 Core/Startup/startup_stm32g431cbux.o
                0x00000000080041b8                TIM1_BRK_TIM15_IRQHandler
                0x00000000080041b8                EXTI2_IRQHandler
                0x00000000080041b8                TIM8_TRG_COM_IRQHandler
                0x00000000080041b8                TIM8_CC_IRQHandler
                0x00000000080041b8                TIM1_CC_IRQHandler
                0x00000000080041b8                USB_HP_IRQHandler
                0x00000000080041b8                EXTI3_IRQHandler
                0x00000000080041b8                I2C3_ER_IRQHandler
                0x00000000080041b8                EXTI0_IRQHandler
                0x00000000080041b8                I2C2_EV_IRQHandler
                0x00000000080041b8                FPU_IRQHandler
                0x00000000080041b8                FDCAN1_IT1_IRQHandler
                0x00000000080041b8                TIM1_UP_TIM16_IRQHandler
                0x00000000080041b8                SPI1_IRQHandler
                0x00000000080041b8                TIM6_DAC_IRQHandler
                0x00000000080041b8                TIM8_UP_IRQHandler
                0x00000000080041b8                DMA2_Channel2_IRQHandler
                0x00000000080041b8                USART3_IRQHandler
                0x00000000080041b8                DMA2_Channel1_IRQHandler
                0x00000000080041b8                I2C1_EV_IRQHandler
                0x00000000080041b8                DMA1_Channel6_IRQHandler
                0x00000000080041b8                UART4_IRQHandler
                0x00000000080041b8                DMA2_Channel4_IRQHandler
                0x00000000080041b8                TIM3_IRQHandler
                0x00000000080041b8                RCC_IRQHandler
                0x00000000080041b8                Default_Handler
                0x00000000080041b8                RTC_TAMP_LSECSS_IRQHandler
                0x00000000080041b8                FMAC_IRQHandler
                0x00000000080041b8                EXTI15_10_IRQHandler
                0x00000000080041b8                TIM7_IRQHandler
                0x00000000080041b8                UCPD1_IRQHandler
                0x00000000080041b8                I2C3_EV_IRQHandler
                0x00000000080041b8                EXTI9_5_IRQHandler
                0x00000000080041b8                RTC_WKUP_IRQHandler
                0x00000000080041b8                PVD_PVM_IRQHandler
                0x00000000080041b8                SPI2_IRQHandler
                0x00000000080041b8                DMA2_Channel5_IRQHandler
                0x00000000080041b8                CRS_IRQHandler
                0x00000000080041b8                DMA1_Channel5_IRQHandler
                0x00000000080041b8                USB_LP_IRQHandler
                0x00000000080041b8                EXTI4_IRQHandler
                0x00000000080041b8                RNG_IRQHandler
                0x00000000080041b8                TIM1_TRG_COM_TIM17_IRQHandler
                0x00000000080041b8                WWDG_IRQHandler
                0x00000000080041b8                LPUART1_IRQHandler
                0x00000000080041b8                DMA2_Channel6_IRQHandler
                0x00000000080041b8                FDCAN1_IT0_IRQHandler
                0x00000000080041b8                TIM2_IRQHandler
                0x00000000080041b8                COMP1_2_3_IRQHandler
                0x00000000080041b8                EXTI1_IRQHandler
                0x00000000080041b8                I2C2_ER_IRQHandler
                0x00000000080041b8                TIM8_BRK_IRQHandler
                0x00000000080041b8                FLASH_IRQHandler
                0x00000000080041b8                USART1_IRQHandler
                0x00000000080041b8                SPI3_IRQHandler
                0x00000000080041b8                I2C1_ER_IRQHandler
                0x00000000080041b8                LPTIM1_IRQHandler
                0x00000000080041b8                DMAMUX_OVR_IRQHandler
                0x00000000080041b8                USBWakeUp_IRQHandler
                0x00000000080041b8                SAI1_IRQHandler
                0x00000000080041b8                DMA2_Channel3_IRQHandler
                0x00000000080041b8                COMP4_IRQHandler
                0x00000000080041b8                RTC_Alarm_IRQHandler
 *fill*         0x00000000080041ba        0x2 
 .text.HAL_InitTick
                0x00000000080041bc       0x4c Drivers/STM32G4xx_HAL_Driver/Src/stm32g4xx_hal.o
                0x00000000080041bc                HAL_InitTick
 .text.HAL_Init
                0x0000000008004208       0x20 Drivers/STM32G4xx_HAL_Driver/Src/stm32g4xx_hal.o
                0x0000000008004208                HAL_Init
 .text.HAL_IncTick
                0x0000000008004228       0x18 Drivers/STM32G4xx_HAL_Driver/Src/stm32g4xx_hal.o
                0x0000000008004228                HAL_IncTick
 .text.HAL_GetTick
                0x0000000008004240        0xc Drivers/STM32G4xx_HAL_Driver/Src/stm32g4xx_hal.o
                0x0000000008004240                HAL_GetTick
 .text.HAL_Delay
                0x000000000800424c       0x24 Drivers/STM32G4xx_HAL_Driver/Src/stm32g4xx_hal.o
                0x000000000800424c                HAL_Delay
 .text.HAL_ADC_Init
                0x0000000008004270      0x208 Drivers/STM32G4xx_HAL_Driver/Src/stm32g4xx_hal_adc.o
                0x0000000008004270                HAL_ADC_Init
 .text.HAL_ADC_ConvHalfCpltCallback
                0x0000000008004478        0x4 Drivers/STM32G4xx_HAL_Driver/Src/stm32g4xx_hal_adc.o
                0x0000000008004478                HAL_ADC_ConvHalfCpltCallback
 .text.ADC_DMAHalfConvCplt
                0x000000000800447c        0xc Drivers/STM32G4xx_HAL_Driver/Src/stm32g4xx_hal_adc.o
                0x000000000800447c                ADC_DMAHalfConvCplt
 .text.HAL_ADC_LevelOutOfWindowCallback
                0x0000000008004488        0x4 Drivers/STM32G4xx_HAL_Driver/Src/stm32g4xx_hal_adc.o
                0x0000000008004488                HAL_ADC_LevelOutOfWindowCallback
 .text.HAL_ADC_ErrorCallback
                0x000000000800448c        0x4 Drivers/STM32G4xx_HAL_Driver/Src/stm32g4xx_hal_adc.o
                0x000000000800448c                HAL_ADC_ErrorCallback
 .text.HAL_ADC_IRQHandler
                0x0000000008004490      0x248 Drivers/STM32G4xx_HAL_Driver/Src/stm32g4xx_hal_adc.o
                0x0000000008004490                HAL_ADC_IRQHandler
 .text.ADC_DMAConvCplt
                0x00000000080046d8       0x6c Drivers/STM32G4xx_HAL_Driver/Src/stm32g4xx_hal_adc.o
                0x00000000080046d8                ADC_DMAConvCplt
 .text.ADC_DMAError
                0x0000000008004744       0x1c Drivers/STM32G4xx_HAL_Driver/Src/stm32g4xx_hal_adc.o
                0x0000000008004744                ADC_DMAError
 .text.HAL_ADC_ConfigChannel
                0x0000000008004760      0x4d8 Drivers/STM32G4xx_HAL_Driver/Src/stm32g4xx_hal_adc.o
                0x0000000008004760                HAL_ADC_ConfigChannel
 .text.ADC_Enable
                0x0000000008004c38       0x70 Drivers/STM32G4xx_HAL_Driver/Src/stm32g4xx_hal_adc.o
                0x0000000008004c38                ADC_Enable
 .text.HAL_ADC_Start_DMA
                0x0000000008004ca8       0xf8 Drivers/STM32G4xx_HAL_Driver/Src/stm32g4xx_hal_adc.o
                0x0000000008004ca8                HAL_ADC_Start_DMA
 .text.HAL_ADCEx_InjectedConvCpltCallback
                0x0000000008004da0        0x4 Drivers/STM32G4xx_HAL_Driver/Src/stm32g4xx_hal_adc_ex.o
                0x0000000008004da0                HAL_ADCEx_InjectedConvCpltCallback
 .text.HAL_ADCEx_InjectedQueueOverflowCallback
                0x0000000008004da4        0x4 Drivers/STM32G4xx_HAL_Driver/Src/stm32g4xx_hal_adc_ex.o
                0x0000000008004da4                HAL_ADCEx_InjectedQueueOverflowCallback
 .text.HAL_ADCEx_LevelOutOfWindow2Callback
                0x0000000008004da8        0x4 Drivers/STM32G4xx_HAL_Driver/Src/stm32g4xx_hal_adc_ex.o
                0x0000000008004da8                HAL_ADCEx_LevelOutOfWindow2Callback
 .text.HAL_ADCEx_LevelOutOfWindow3Callback
                0x0000000008004dac        0x4 Drivers/STM32G4xx_HAL_Driver/Src/stm32g4xx_hal_adc_ex.o
                0x0000000008004dac                HAL_ADCEx_LevelOutOfWindow3Callback
 .text.HAL_ADCEx_EndOfSamplingCallback
                0x0000000008004db0        0x4 Drivers/STM32G4xx_HAL_Driver/Src/stm32g4xx_hal_adc_ex.o
                0x0000000008004db0                HAL_ADCEx_EndOfSamplingCallback
 .text.HAL_ADCEx_MultiModeConfigChannel
                0x0000000008004db4       0xc4 Drivers/STM32G4xx_HAL_Driver/Src/stm32g4xx_hal_adc_ex.o
                0x0000000008004db4                HAL_ADCEx_MultiModeConfigChannel
 .text.HAL_CORDIC_Init
                0x0000000008004e78       0x34 Drivers/STM32G4xx_HAL_Driver/Src/stm32g4xx_hal_cordic.o
                0x0000000008004e78                HAL_CORDIC_Init
 .text.HAL_CORDIC_Configure
                0x0000000008004eac       0x48 Drivers/STM32G4xx_HAL_Driver/Src/stm32g4xx_hal_cordic.o
                0x0000000008004eac                HAL_CORDIC_Configure
 .text.HAL_CORDIC_Calculate
                0x0000000008004ef4       0xe0 Drivers/STM32G4xx_HAL_Driver/Src/stm32g4xx_hal_cordic.o
                0x0000000008004ef4                HAL_CORDIC_Calculate
 .text.HAL_CORDIC_CalculateCpltCallback
                0x0000000008004fd4        0x4 Drivers/STM32G4xx_HAL_Driver/Src/stm32g4xx_hal_cordic.o
                0x0000000008004fd4                HAL_CORDIC_CalculateCpltCallback
 .text.HAL_CORDIC_IRQHandler
                0x0000000008004fd8       0x70 Drivers/STM32G4xx_HAL_Driver/Src/stm32g4xx_hal_cordic.o
                0x0000000008004fd8                HAL_CORDIC_IRQHandler
 .text.HAL_NVIC_SetPriorityGrouping
                0x0000000008005048       0x28 Drivers/STM32G4xx_HAL_Driver/Src/stm32g4xx_hal_cortex.o
                0x0000000008005048                HAL_NVIC_SetPriorityGrouping
 .text.HAL_NVIC_SetPriority
                0x0000000008005070       0x70 Drivers/STM32G4xx_HAL_Driver/Src/stm32g4xx_hal_cortex.o
                0x0000000008005070                HAL_NVIC_SetPriority
 .text.HAL_NVIC_EnableIRQ
                0x00000000080050e0       0x1c Drivers/STM32G4xx_HAL_Driver/Src/stm32g4xx_hal_cortex.o
                0x00000000080050e0                HAL_NVIC_EnableIRQ
 .text.HAL_NVIC_SystemReset
                0x00000000080050fc       0x24 Drivers/STM32G4xx_HAL_Driver/Src/stm32g4xx_hal_cortex.o
                0x00000000080050fc                HAL_NVIC_SystemReset
 .text.HAL_SYSTICK_Config
                0x0000000008005120       0x34 Drivers/STM32G4xx_HAL_Driver/Src/stm32g4xx_hal_cortex.o
                0x0000000008005120                HAL_SYSTICK_Config
 .text.HAL_DMA_Init
                0x0000000008005154      0x11c Drivers/STM32G4xx_HAL_Driver/Src/stm32g4xx_hal_dma.o
                0x0000000008005154                HAL_DMA_Init
 .text.HAL_DMA_Start_IT
                0x0000000008005270       0xb8 Drivers/STM32G4xx_HAL_Driver/Src/stm32g4xx_hal_dma.o
                0x0000000008005270                HAL_DMA_Start_IT
 .text.HAL_DMA_Abort_IT
                0x0000000008005328       0x80 Drivers/STM32G4xx_HAL_Driver/Src/stm32g4xx_hal_dma.o
                0x0000000008005328                HAL_DMA_Abort_IT
 .text.HAL_DMA_IRQHandler
                0x00000000080053a8       0x9c Drivers/STM32G4xx_HAL_Driver/Src/stm32g4xx_hal_dma.o
                0x00000000080053a8                HAL_DMA_IRQHandler
 .text.HAL_FDCAN_Init
                0x0000000008005444      0x1e8 Drivers/STM32G4xx_HAL_Driver/Src/stm32g4xx_hal_fdcan.o
                0x0000000008005444                HAL_FDCAN_Init
 .text.HAL_FDCAN_ConfigFilter
                0x000000000800562c       0x64 Drivers/STM32G4xx_HAL_Driver/Src/stm32g4xx_hal_fdcan.o
                0x000000000800562c                HAL_FDCAN_ConfigFilter
 .text.HAL_FDCAN_ConfigGlobalFilter
                0x0000000008005690       0x40 Drivers/STM32G4xx_HAL_Driver/Src/stm32g4xx_hal_fdcan.o
                0x0000000008005690                HAL_FDCAN_ConfigGlobalFilter
 .text.HAL_FDCAN_Start
                0x00000000080056d0       0x30 Drivers/STM32G4xx_HAL_Driver/Src/stm32g4xx_hal_fdcan.o
                0x00000000080056d0                HAL_FDCAN_Start
 .text.HAL_FDCAN_AddMessageToTxFifoQ
                0x0000000008005700       0xd0 Drivers/STM32G4xx_HAL_Driver/Src/stm32g4xx_hal_fdcan.o
                0x0000000008005700                HAL_FDCAN_AddMessageToTxFifoQ
 .text.HAL_FDCAN_GetRxMessage
                0x00000000080057d0       0xfc Drivers/STM32G4xx_HAL_Driver/Src/stm32g4xx_hal_fdcan.o
                0x00000000080057d0                HAL_FDCAN_GetRxMessage
 .text.HAL_FDCAN_GetRxFifoFillLevel
                0x00000000080058cc       0x14 Drivers/STM32G4xx_HAL_Driver/Src/stm32g4xx_hal_fdcan.o
                0x00000000080058cc                HAL_FDCAN_GetRxFifoFillLevel
 .text.HAL_FDCAN_ActivateNotification
                0x00000000080058e0       0xe4 Drivers/STM32G4xx_HAL_Driver/Src/stm32g4xx_hal_fdcan.o
                0x00000000080058e0                HAL_FDCAN_ActivateNotification
 .text.HAL_FLASH_Unlock
                0x00000000080059c4       0x28 Drivers/STM32G4xx_HAL_Driver/Src/stm32g4xx_hal_flash.o
                0x00000000080059c4                HAL_FLASH_Unlock
 .text.HAL_FLASH_Lock
                0x00000000080059ec       0x18 Drivers/STM32G4xx_HAL_Driver/Src/stm32g4xx_hal_flash.o
                0x00000000080059ec                HAL_FLASH_Lock
 .text.HAL_FLASH_GetError
                0x0000000008005a04        0xc Drivers/STM32G4xx_HAL_Driver/Src/stm32g4xx_hal_flash.o
                0x0000000008005a04                HAL_FLASH_GetError
 .text.FLASH_WaitForLastOperation
                0x0000000008005a10       0x54 Drivers/STM32G4xx_HAL_Driver/Src/stm32g4xx_hal_flash.o
                0x0000000008005a10                FLASH_WaitForLastOperation
 .text.HAL_FLASH_Program
                0x0000000008005a64       0xb4 Drivers/STM32G4xx_HAL_Driver/Src/stm32g4xx_hal_flash.o
                0x0000000008005a64                HAL_FLASH_Program
 .text.FLASH_FlushCaches
                0x0000000008005b18       0x58 Drivers/STM32G4xx_HAL_Driver/Src/stm32g4xx_hal_flash_ex.o
                0x0000000008005b18                FLASH_FlushCaches
 .text.HAL_FLASHEx_Erase
                0x0000000008005b70      0x118 Drivers/STM32G4xx_HAL_Driver/Src/stm32g4xx_hal_flash_ex.o
                0x0000000008005b70                HAL_FLASHEx_Erase
 .text.HAL_GPIO_Init
                0x0000000008005c88      0x1e8 Drivers/STM32G4xx_HAL_Driver/Src/stm32g4xx_hal_gpio.o
                0x0000000008005c88                HAL_GPIO_Init
 .text.HAL_GPIO_WritePin
                0x0000000008005e70        0xc Drivers/STM32G4xx_HAL_Driver/Src/stm32g4xx_hal_gpio.o
                0x0000000008005e70                HAL_GPIO_WritePin
 .text.HAL_OPAMP_Init
                0x0000000008005e7c      0x10c Drivers/STM32G4xx_HAL_Driver/Src/stm32g4xx_hal_opamp.o
                0x0000000008005e7c                HAL_OPAMP_Init
 .text.HAL_OPAMP_Start
                0x0000000008005f88       0x34 Drivers/STM32G4xx_HAL_Driver/Src/stm32g4xx_hal_opamp.o
                0x0000000008005f88                HAL_OPAMP_Start
 .text.HAL_PWREx_ControlVoltageScaling
                0x0000000008005fbc       0xfc Drivers/STM32G4xx_HAL_Driver/Src/stm32g4xx_hal_pwr_ex.o
                0x0000000008005fbc                HAL_PWREx_ControlVoltageScaling
 .text.HAL_PWREx_DisableUCPDDeadBattery
                0x00000000080060b8       0x10 Drivers/STM32G4xx_HAL_Driver/Src/stm32g4xx_hal_pwr_ex.o
                0x00000000080060b8                HAL_PWREx_DisableUCPDDeadBattery
 .text.HAL_RCC_OscConfig
                0x00000000080060c8      0x498 Drivers/STM32G4xx_HAL_Driver/Src/stm32g4xx_hal_rcc.o
                0x00000000080060c8                HAL_RCC_OscConfig
 .text.HAL_RCC_GetSysClockFreq
                0x0000000008006560       0x70 Drivers/STM32G4xx_HAL_Driver/Src/stm32g4xx_hal_rcc.o
                0x0000000008006560                HAL_RCC_GetSysClockFreq
 .text.HAL_RCC_ClockConfig
                0x00000000080065d0      0x224 Drivers/STM32G4xx_HAL_Driver/Src/stm32g4xx_hal_rcc.o
                0x00000000080065d0                HAL_RCC_ClockConfig
 .text.HAL_RCC_GetPCLK1Freq
                0x00000000080067f4       0x24 Drivers/STM32G4xx_HAL_Driver/Src/stm32g4xx_hal_rcc.o
                0x00000000080067f4                HAL_RCC_GetPCLK1Freq
 .text.HAL_RCC_GetPCLK2Freq
                0x0000000008006818       0x24 Drivers/STM32G4xx_HAL_Driver/Src/stm32g4xx_hal_rcc.o
                0x0000000008006818                HAL_RCC_GetPCLK2Freq
 .text.HAL_RCCEx_PeriphCLKConfig
                0x000000000800683c      0x298 Drivers/STM32G4xx_HAL_Driver/Src/stm32g4xx_hal_rcc_ex.o
                0x000000000800683c                HAL_RCCEx_PeriphCLKConfig
 .text.TIM_OC1_SetConfig
                0x0000000008006ad4       0x7c Drivers/STM32G4xx_HAL_Driver/Src/stm32g4xx_hal_tim.o
 .text.TIM_OC3_SetConfig
                0x0000000008006b50       0x80 Drivers/STM32G4xx_HAL_Driver/Src/stm32g4xx_hal_tim.o
 .text.TIM_OC4_SetConfig
                0x0000000008006bd0       0x80 Drivers/STM32G4xx_HAL_Driver/Src/stm32g4xx_hal_tim.o
 .text.TIM_OC5_SetConfig
                0x0000000008006c50       0x6c Drivers/STM32G4xx_HAL_Driver/Src/stm32g4xx_hal_tim.o
 .text.TIM_OC6_SetConfig
                0x0000000008006cbc       0x6c Drivers/STM32G4xx_HAL_Driver/Src/stm32g4xx_hal_tim.o
 .text.TIM_SlaveTimer_SetConfig
                0x0000000008006d28       0xd0 Drivers/STM32G4xx_HAL_Driver/Src/stm32g4xx_hal_tim.o
 .text.HAL_TIM_Base_Start
                0x0000000008006df8       0x68 Drivers/STM32G4xx_HAL_Driver/Src/stm32g4xx_hal_tim.o
                0x0000000008006df8                HAL_TIM_Base_Start
 .text.HAL_TIM_OC_Start
                0x0000000008006e60      0x124 Drivers/STM32G4xx_HAL_Driver/Src/stm32g4xx_hal_tim.o
                0x0000000008006e60                HAL_TIM_OC_Start
 .text.HAL_TIM_PWM_MspInit
                0x0000000008006f84        0x4 Drivers/STM32G4xx_HAL_Driver/Src/stm32g4xx_hal_tim.o
                0x0000000008006f84                HAL_TIM_PWM_MspInit
 .text.HAL_TIM_PWM_Start
                0x0000000008006f88        0x4 Drivers/STM32G4xx_HAL_Driver/Src/stm32g4xx_hal_tim.o
                0x0000000008006f88                HAL_TIM_PWM_Start
 .text.HAL_TIM_IC_Start
                0x0000000008006f8c      0x130 Drivers/STM32G4xx_HAL_Driver/Src/stm32g4xx_hal_tim.o
                0x0000000008006f8c                HAL_TIM_IC_Start
 .text.HAL_TIM_IC_Start_IT
                0x00000000080070bc      0x1a0 Drivers/STM32G4xx_HAL_Driver/Src/stm32g4xx_hal_tim.o
                0x00000000080070bc                HAL_TIM_IC_Start_IT
 .text.HAL_TIM_ConfigClockSource
                0x000000000800725c      0x18c Drivers/STM32G4xx_HAL_Driver/Src/stm32g4xx_hal_tim.o
                0x000000000800725c                HAL_TIM_ConfigClockSource
 .text.HAL_TIM_SlaveConfigSynchro
                0x00000000080073e8       0x4c Drivers/STM32G4xx_HAL_Driver/Src/stm32g4xx_hal_tim.o
                0x00000000080073e8                HAL_TIM_SlaveConfigSynchro
 .text.HAL_TIM_PeriodElapsedCallback
                0x0000000008007434        0x4 Drivers/STM32G4xx_HAL_Driver/Src/stm32g4xx_hal_tim.o
                0x0000000008007434                HAL_TIM_PeriodElapsedCallback
 .text.HAL_TIM_OC_DelayElapsedCallback
                0x0000000008007438        0x4 Drivers/STM32G4xx_HAL_Driver/Src/stm32g4xx_hal_tim.o
                0x0000000008007438                HAL_TIM_OC_DelayElapsedCallback
 .text.HAL_TIM_PWM_PulseFinishedCallback
                0x000000000800743c        0x4 Drivers/STM32G4xx_HAL_Driver/Src/stm32g4xx_hal_tim.o
                0x000000000800743c                HAL_TIM_PWM_PulseFinishedCallback
 .text.HAL_TIM_TriggerCallback
                0x0000000008007440        0x4 Drivers/STM32G4xx_HAL_Driver/Src/stm32g4xx_hal_tim.o
                0x0000000008007440                HAL_TIM_TriggerCallback
 .text.HAL_TIM_IRQHandler
                0x0000000008007444      0x1f4 Drivers/STM32G4xx_HAL_Driver/Src/stm32g4xx_hal_tim.o
                0x0000000008007444                HAL_TIM_IRQHandler
 .text.TIM_Base_SetConfig
                0x0000000008007638       0xac Drivers/STM32G4xx_HAL_Driver/Src/stm32g4xx_hal_tim.o
                0x0000000008007638                TIM_Base_SetConfig
 .text.HAL_TIM_Base_Init
                0x00000000080076e4       0x64 Drivers/STM32G4xx_HAL_Driver/Src/stm32g4xx_hal_tim.o
                0x00000000080076e4                HAL_TIM_Base_Init
 .text.HAL_TIM_PWM_Init
                0x0000000008007748       0x64 Drivers/STM32G4xx_HAL_Driver/Src/stm32g4xx_hal_tim.o
                0x0000000008007748                HAL_TIM_PWM_Init
 .text.HAL_TIM_IC_Init
                0x00000000080077ac       0x64 Drivers/STM32G4xx_HAL_Driver/Src/stm32g4xx_hal_tim.o
                0x00000000080077ac                HAL_TIM_IC_Init
 .text.TIM_OC2_SetConfig
                0x0000000008007810       0x80 Drivers/STM32G4xx_HAL_Driver/Src/stm32g4xx_hal_tim.o
                0x0000000008007810                TIM_OC2_SetConfig
 .text.HAL_TIM_PWM_ConfigChannel
                0x0000000008007890      0x130 Drivers/STM32G4xx_HAL_Driver/Src/stm32g4xx_hal_tim.o
                0x0000000008007890                HAL_TIM_PWM_ConfigChannel
 .text.TIM_TI1_SetConfig
                0x00000000080079c0       0x68 Drivers/STM32G4xx_HAL_Driver/Src/stm32g4xx_hal_tim.o
                0x00000000080079c0                TIM_TI1_SetConfig
 .text.HAL_TIM_IC_ConfigChannel
                0x0000000008007a28      0x11c Drivers/STM32G4xx_HAL_Driver/Src/stm32g4xx_hal_tim.o
                0x0000000008007a28                HAL_TIM_IC_ConfigChannel
 .text.HAL_TIMEx_OCN_Start
                0x0000000008007b44       0xd0 Drivers/STM32G4xx_HAL_Driver/Src/stm32g4xx_hal_tim_ex.o
                0x0000000008007b44                HAL_TIMEx_OCN_Start
 .text.HAL_TIMEx_PWMN_Start
                0x0000000008007c14        0x4 Drivers/STM32G4xx_HAL_Driver/Src/stm32g4xx_hal_tim_ex.o
                0x0000000008007c14                HAL_TIMEx_PWMN_Start
 .text.HAL_TIMEx_MasterConfigSynchronization
                0x0000000008007c18       0x90 Drivers/STM32G4xx_HAL_Driver/Src/stm32g4xx_hal_tim_ex.o
                0x0000000008007c18                HAL_TIMEx_MasterConfigSynchronization
 .text.HAL_TIMEx_ConfigBreakDeadTime
                0x0000000008007ca8       0x9c Drivers/STM32G4xx_HAL_Driver/Src/stm32g4xx_hal_tim_ex.o
                0x0000000008007ca8                HAL_TIMEx_ConfigBreakDeadTime
 .text.HAL_TIMEx_CommutCallback
                0x0000000008007d44        0x4 Drivers/STM32G4xx_HAL_Driver/Src/stm32g4xx_hal_tim_ex.o
                0x0000000008007d44                HAL_TIMEx_CommutCallback
 .text.HAL_TIMEx_BreakCallback
                0x0000000008007d48        0x4 Drivers/STM32G4xx_HAL_Driver/Src/stm32g4xx_hal_tim_ex.o
                0x0000000008007d48                HAL_TIMEx_BreakCallback
 .text.HAL_TIMEx_Break2Callback
                0x0000000008007d4c        0x4 Drivers/STM32G4xx_HAL_Driver/Src/stm32g4xx_hal_tim_ex.o
                0x0000000008007d4c                HAL_TIMEx_Break2Callback
 .text.HAL_TIMEx_EncoderIndexCallback
                0x0000000008007d50        0x4 Drivers/STM32G4xx_HAL_Driver/Src/stm32g4xx_hal_tim_ex.o
                0x0000000008007d50                HAL_TIMEx_EncoderIndexCallback
 .text.HAL_TIMEx_DirectionChangeCallback
                0x0000000008007d54        0x4 Drivers/STM32G4xx_HAL_Driver/Src/stm32g4xx_hal_tim_ex.o
                0x0000000008007d54                HAL_TIMEx_DirectionChangeCallback
 .text.HAL_TIMEx_IndexErrorCallback
                0x0000000008007d58        0x4 Drivers/STM32G4xx_HAL_Driver/Src/stm32g4xx_hal_tim_ex.o
                0x0000000008007d58                HAL_TIMEx_IndexErrorCallback
 .text.HAL_TIMEx_TransitionErrorCallback
                0x0000000008007d5c        0x4 Drivers/STM32G4xx_HAL_Driver/Src/stm32g4xx_hal_tim_ex.o
                0x0000000008007d5c                HAL_TIMEx_TransitionErrorCallback
 .text.HAL_UART_Transmit_DMA
                0x0000000008007d60       0xa4 Drivers/STM32G4xx_HAL_Driver/Src/stm32g4xx_hal_uart.o
                0x0000000008007d60                HAL_UART_Transmit_DMA
 .text.HAL_UART_Receive_DMA
                0x0000000008007e04       0xb0 Drivers/STM32G4xx_HAL_Driver/Src/stm32g4xx_hal_uart.o
                0x0000000008007e04                HAL_UART_Receive_DMA
 .text.UART_DMATransmitCplt
                0x0000000008007eb4       0x2c Drivers/STM32G4xx_HAL_Driver/Src/stm32g4xx_hal_uart.o
 .text.HAL_UART_TxHalfCpltCallback
                0x0000000008007ee0        0x4 Drivers/STM32G4xx_HAL_Driver/Src/stm32g4xx_hal_uart.o
                0x0000000008007ee0                HAL_UART_TxHalfCpltCallback
 .text.UART_DMATxHalfCplt
                0x0000000008007ee4        0xc Drivers/STM32G4xx_HAL_Driver/Src/stm32g4xx_hal_uart.o
 .text.HAL_UART_RxCpltCallback
                0x0000000008007ef0        0x4 Drivers/STM32G4xx_HAL_Driver/Src/stm32g4xx_hal_uart.o
                0x0000000008007ef0                HAL_UART_RxCpltCallback
 .text.UART_DMAReceiveCplt
                0x0000000008007ef4       0x38 Drivers/STM32G4xx_HAL_Driver/Src/stm32g4xx_hal_uart.o
 .text.HAL_UART_RxHalfCpltCallback
                0x0000000008007f2c        0x4 Drivers/STM32G4xx_HAL_Driver/Src/stm32g4xx_hal_uart.o
                0x0000000008007f2c                HAL_UART_RxHalfCpltCallback
 .text.UART_DMARxHalfCplt
                0x0000000008007f30        0xc Drivers/STM32G4xx_HAL_Driver/Src/stm32g4xx_hal_uart.o
 .text.UART_DMAError
                0x0000000008007f3c       0x78 Drivers/STM32G4xx_HAL_Driver/Src/stm32g4xx_hal_uart.o
 .text.HAL_UART_IRQHandler
                0x0000000008007fb4      0x1f4 Drivers/STM32G4xx_HAL_Driver/Src/stm32g4xx_hal_uart.o
                0x0000000008007fb4                HAL_UART_IRQHandler
 .text.UART_DMAAbortOnError
                0x00000000080081a8       0x14 Drivers/STM32G4xx_HAL_Driver/Src/stm32g4xx_hal_uart.o
 .text.UART_SetConfig
                0x00000000080081bc      0x2ec Drivers/STM32G4xx_HAL_Driver/Src/stm32g4xx_hal_uart.o
                0x00000000080081bc                UART_SetConfig
 .text.UART_AdvFeatureConfig
                0x00000000080084a8       0xb0 Drivers/STM32G4xx_HAL_Driver/Src/stm32g4xx_hal_uart.o
                0x00000000080084a8                UART_AdvFeatureConfig
 .text.UART_WaitOnFlagUntilTimeout
                0x0000000008008558       0xa8 Drivers/STM32G4xx_HAL_Driver/Src/stm32g4xx_hal_uart.o
                0x0000000008008558                UART_WaitOnFlagUntilTimeout
 .text.UART_CheckIdleState
                0x0000000008008600       0x70 Drivers/STM32G4xx_HAL_Driver/Src/stm32g4xx_hal_uart.o
                0x0000000008008600                UART_CheckIdleState
 .text.HAL_UART_Init
                0x0000000008008670       0x68 Drivers/STM32G4xx_HAL_Driver/Src/stm32g4xx_hal_uart.o
                0x0000000008008670                HAL_UART_Init
 .text.UARTEx_SetNbDataToProcess
                0x00000000080086d8       0x70 Drivers/STM32G4xx_HAL_Driver/Src/stm32g4xx_hal_uart_ex.o
 .text.HAL_UARTEx_WakeupCallback
                0x0000000008008748        0x4 Drivers/STM32G4xx_HAL_Driver/Src/stm32g4xx_hal_uart_ex.o
                0x0000000008008748                HAL_UARTEx_WakeupCallback
 .text.HAL_UARTEx_RxFifoFullCallback
                0x000000000800874c        0x4 Drivers/STM32G4xx_HAL_Driver/Src/stm32g4xx_hal_uart_ex.o
                0x000000000800874c                HAL_UARTEx_RxFifoFullCallback
 .text.HAL_UARTEx_TxFifoEmptyCallback
                0x0000000008008750        0x4 Drivers/STM32G4xx_HAL_Driver/Src/stm32g4xx_hal_uart_ex.o
                0x0000000008008750                HAL_UARTEx_TxFifoEmptyCallback
 .text.HAL_UARTEx_DisableFifoMode
                0x0000000008008754       0x3c Drivers/STM32G4xx_HAL_Driver/Src/stm32g4xx_hal_uart_ex.o
                0x0000000008008754                HAL_UARTEx_DisableFifoMode
 .text.HAL_UARTEx_SetTxFifoThreshold
                0x0000000008008790       0x4c Drivers/STM32G4xx_HAL_Driver/Src/stm32g4xx_hal_uart_ex.o
                0x0000000008008790                HAL_UARTEx_SetTxFifoThreshold
 .text.HAL_UARTEx_SetRxFifoThreshold
                0x00000000080087dc       0x4c Drivers/STM32G4xx_HAL_Driver/Src/stm32g4xx_hal_uart_ex.o
                0x00000000080087dc                HAL_UARTEx_SetRxFifoThreshold
 .text.__errno  0x0000000008008828        0xc /Applications/STM32CubeIDE.app/Contents/Eclipse/plugins/com.st.stm32cube.ide.mcu.externaltools.gnu-tools-for-stm32.9-2020-q2-update.macos64_1.5.0.202011040924/tools/bin/../lib/gcc/arm-none-eabi/9.3.1/../../../../arm-none-eabi/lib/thumb/v7e-m+fp/hard/libc_nano.a(lib_a-errno.o)
                0x0000000008008828                __errno
 .text.__libc_init_array
                0x0000000008008834       0x48 /Applications/STM32CubeIDE.app/Contents/Eclipse/plugins/com.st.stm32cube.ide.mcu.externaltools.gnu-tools-for-stm32.9-2020-q2-update.macos64_1.5.0.202011040924/tools/bin/../lib/gcc/arm-none-eabi/9.3.1/../../../../arm-none-eabi/lib/thumb/v7e-m+fp/hard/libc_nano.a(lib_a-init.o)
                0x0000000008008834                __libc_init_array
 .text.memcpy   0x000000000800887c       0x1c /Applications/STM32CubeIDE.app/Contents/Eclipse/plugins/com.st.stm32cube.ide.mcu.externaltools.gnu-tools-for-stm32.9-2020-q2-update.macos64_1.5.0.202011040924/tools/bin/../lib/gcc/arm-none-eabi/9.3.1/../../../../arm-none-eabi/lib/thumb/v7e-m+fp/hard/libc_nano.a(lib_a-memcpy-stub.o)
                0x000000000800887c                memcpy
 .text.memset   0x0000000008008898       0x10 /Applications/STM32CubeIDE.app/Contents/Eclipse/plugins/com.st.stm32cube.ide.mcu.externaltools.gnu-tools-for-stm32.9-2020-q2-update.macos64_1.5.0.202011040924/tools/bin/../lib/gcc/arm-none-eabi/9.3.1/../../../../arm-none-eabi/lib/thumb/v7e-m+fp/hard/libc_nano.a(lib_a-memset.o)
                0x0000000008008898                memset
 .text.fmaxf    0x00000000080088a8       0x36 /Applications/STM32CubeIDE.app/Contents/Eclipse/plugins/com.st.stm32cube.ide.mcu.externaltools.gnu-tools-for-stm32.9-2020-q2-update.macos64_1.5.0.202011040924/tools/bin/../lib/gcc/arm-none-eabi/9.3.1/../../../../arm-none-eabi/lib/thumb/v7e-m+fp/hard/libm.a(lib_a-sf_fmax.o)
                0x00000000080088a8                fmaxf
 .text.fminf    0x00000000080088de       0x36 /Applications/STM32CubeIDE.app/Contents/Eclipse/plugins/com.st.stm32cube.ide.mcu.externaltools.gnu-tools-for-stm32.9-2020-q2-update.macos64_1.5.0.202011040924/tools/bin/../lib/gcc/arm-none-eabi/9.3.1/../../../../arm-none-eabi/lib/thumb/v7e-m+fp/hard/libm.a(lib_a-sf_fmin.o)
                0x00000000080088de                fminf
 .text.__fpclassifyf
                0x0000000008008914       0x38 /Applications/STM32CubeIDE.app/Contents/Eclipse/plugins/com.st.stm32cube.ide.mcu.externaltools.gnu-tools-for-stm32.9-2020-q2-update.macos64_1.5.0.202011040924/tools/bin/../lib/gcc/arm-none-eabi/9.3.1/../../../../arm-none-eabi/lib/thumb/v7e-m+fp/hard/libm.a(lib_a-sf_fpclassify.o)
                0x0000000008008914                __fpclassifyf
 .text.roundf   0x000000000800894c       0x4c /Applications/STM32CubeIDE.app/Contents/Eclipse/plugins/com.st.stm32cube.ide.mcu.externaltools.gnu-tools-for-stm32.9-2020-q2-update.macos64_1.5.0.202011040924/tools/bin/../lib/gcc/arm-none-eabi/9.3.1/../../../../arm-none-eabi/lib/thumb/v7e-m+fp/hard/libm.a(lib_a-sf_round.o)
                0x000000000800894c                roundf
 .text.fmodf    0x0000000008008998       0x58 /Applications/STM32CubeIDE.app/Contents/Eclipse/plugins/com.st.stm32cube.ide.mcu.externaltools.gnu-tools-for-stm32.9-2020-q2-update.macos64_1.5.0.202011040924/tools/bin/../lib/gcc/arm-none-eabi/9.3.1/../../../../arm-none-eabi/lib/thumb/v7e-m+fp/hard/libm.a(lib_a-wf_fmod.o)
                0x0000000008008998                fmodf
 .text.logf     0x00000000080089f0       0x6c /Applications/STM32CubeIDE.app/Contents/Eclipse/plugins/com.st.stm32cube.ide.mcu.externaltools.gnu-tools-for-stm32.9-2020-q2-update.macos64_1.5.0.202011040924/tools/bin/../lib/gcc/arm-none-eabi/9.3.1/../../../../arm-none-eabi/lib/thumb/v7e-m+fp/hard/libm.a(lib_a-wf_log.o)
                0x00000000080089f0                logf
 .text.sqrtf    0x0000000008008a5c       0x4c /Applications/STM32CubeIDE.app/Contents/Eclipse/plugins/com.st.stm32cube.ide.mcu.externaltools.gnu-tools-for-stm32.9-2020-q2-update.macos64_1.5.0.202011040924/tools/bin/../lib/gcc/arm-none-eabi/9.3.1/../../../../arm-none-eabi/lib/thumb/v7e-m+fp/hard/libm.a(lib_a-wf_sqrt.o)
                0x0000000008008a5c                sqrtf
 .text.__ieee754_fmodf
                0x0000000008008aa8      0x104 /Applications/STM32CubeIDE.app/Contents/Eclipse/plugins/com.st.stm32cube.ide.mcu.externaltools.gnu-tools-for-stm32.9-2020-q2-update.macos64_1.5.0.202011040924/tools/bin/../lib/gcc/arm-none-eabi/9.3.1/../../../../arm-none-eabi/lib/thumb/v7e-m+fp/hard/libm.a(lib_a-ef_fmod.o)
                0x0000000008008aa8                __ieee754_fmodf
 .text.__ieee754_logf
                0x0000000008008bac      0x1e0 /Applications/STM32CubeIDE.app/Contents/Eclipse/plugins/com.st.stm32cube.ide.mcu.externaltools.gnu-tools-for-stm32.9-2020-q2-update.macos64_1.5.0.202011040924/tools/bin/../lib/gcc/arm-none-eabi/9.3.1/../../../../arm-none-eabi/lib/thumb/v7e-m+fp/hard/libm.a(lib_a-ef_log.o)
                0x0000000008008bac                __ieee754_logf
 .text.__ieee754_sqrtf
                0x0000000008008d8c        0x6 /Applications/STM32CubeIDE.app/Contents/Eclipse/plugins/com.st.stm32cube.ide.mcu.externaltools.gnu-tools-for-stm32.9-2020-q2-update.macos64_1.5.0.202011040924/tools/bin/../lib/gcc/arm-none-eabi/9.3.1/../../../../arm-none-eabi/lib/thumb/v7e-m+fp/hard/libm.a(lib_a-ef_sqrt.o)
                0x0000000008008d8c                __ieee754_sqrtf
 *fill*         0x0000000008008d92        0x2 
 .text.nanf     0x0000000008008d94        0xc /Applications/STM32CubeIDE.app/Contents/Eclipse/plugins/com.st.stm32cube.ide.mcu.externaltools.gnu-tools-for-stm32.9-2020-q2-update.macos64_1.5.0.202011040924/tools/bin/../lib/gcc/arm-none-eabi/9.3.1/../../../../arm-none-eabi/lib/thumb/v7e-m+fp/hard/libm.a(lib_a-sf_nan.o)
                0x0000000008008d94                nanf
 *(.glue_7)
 .glue_7        0x0000000008008da0        0x0 linker stubs
 *(.glue_7t)
 .glue_7t       0x0000000008008da0        0x0 linker stubs
 *(.eh_frame)
 .eh_frame      0x0000000008008da0        0x0 /Applications/STM32CubeIDE.app/Contents/Eclipse/plugins/com.st.stm32cube.ide.mcu.externaltools.gnu-tools-for-stm32.9-2020-q2-update.macos64_1.5.0.202011040924/tools/bin/../lib/gcc/arm-none-eabi/9.3.1/thumb/v7e-m+fp/hard/crtbegin.o
 *(.init)
 .init          0x0000000008008da0        0x4 /Applications/STM32CubeIDE.app/Contents/Eclipse/plugins/com.st.stm32cube.ide.mcu.externaltools.gnu-tools-for-stm32.9-2020-q2-update.macos64_1.5.0.202011040924/tools/bin/../lib/gcc/arm-none-eabi/9.3.1/thumb/v7e-m+fp/hard/crti.o
                0x0000000008008da0                _init
 .init          0x0000000008008da4        0x8 /Applications/STM32CubeIDE.app/Contents/Eclipse/plugins/com.st.stm32cube.ide.mcu.externaltools.gnu-tools-for-stm32.9-2020-q2-update.macos64_1.5.0.202011040924/tools/bin/../lib/gcc/arm-none-eabi/9.3.1/thumb/v7e-m+fp/hard/crtn.o
 *(.fini)
 .fini          0x0000000008008dac        0x4 /Applications/STM32CubeIDE.app/Contents/Eclipse/plugins/com.st.stm32cube.ide.mcu.externaltools.gnu-tools-for-stm32.9-2020-q2-update.macos64_1.5.0.202011040924/tools/bin/../lib/gcc/arm-none-eabi/9.3.1/thumb/v7e-m+fp/hard/crti.o
                0x0000000008008dac                _fini
 .fini          0x0000000008008db0        0x8 /Applications/STM32CubeIDE.app/Contents/Eclipse/plugins/com.st.stm32cube.ide.mcu.externaltools.gnu-tools-for-stm32.9-2020-q2-update.macos64_1.5.0.202011040924/tools/bin/../lib/gcc/arm-none-eabi/9.3.1/thumb/v7e-m+fp/hard/crtn.o
                0x0000000008008db8                . = ALIGN (0x4)
                0x0000000008008db8                _etext = .

.vfp11_veneer   0x0000000008008db8        0x0
 .vfp11_veneer  0x0000000008008db8        0x0 linker stubs

.v4_bx          0x0000000008008db8        0x0
 .v4_bx         0x0000000008008db8        0x0 linker stubs

.iplt           0x0000000008008db8        0x0
 .iplt          0x0000000008008db8        0x0 /Applications/STM32CubeIDE.app/Contents/Eclipse/plugins/com.st.stm32cube.ide.mcu.externaltools.gnu-tools-for-stm32.9-2020-q2-update.macos64_1.5.0.202011040924/tools/bin/../lib/gcc/arm-none-eabi/9.3.1/thumb/v7e-m+fp/hard/crtbegin.o

.rodata         0x0000000008008db8      0x2b0
                0x0000000008008db8                . = ALIGN (0x4)
 *(.rodata)
 .rodata        0x0000000008008db8       0x10 Core/Src/eeprom.o
 .rodata        0x0000000008008dc8       0x1c Core/Src/foc.o
 .rodata        0x0000000008008de4        0x8 Drivers/STM32G4xx_HAL_Driver/Src/stm32g4xx_hal_uart_ex.o
 *(.rodata*)
 .rodata.motor_current_input_adc_mA
                0x0000000008008dec        0xc Core/Src/foc.o
 .rodata.main.str1.4
                0x0000000008008df8        0x8 Core/Src/main.o
 .rodata.crc_table.9935
                0x0000000008008e00      0x200 Core/Src/protocol.o
 .rodata.AHBPrescTable
                0x0000000008009000       0x10 Core/Src/system_stm32g4xx.o
                0x0000000008009000                AHBPrescTable
 .rodata.APBPrescTable
                0x0000000008009010        0x8 Core/Src/system_stm32g4xx.o
                0x0000000008009010                APBPrescTable
 .rodata.DLCtoBytes
                0x0000000008009018       0x10 Drivers/STM32G4xx_HAL_Driver/Src/stm32g4xx_hal_fdcan.o
 .rodata.CSWTCH.61
                0x0000000008009028        0x3 Drivers/STM32G4xx_HAL_Driver/Src/stm32g4xx_hal_uart.o
 *fill*         0x000000000800902b        0x1 
 .rodata.CSWTCH.62
                0x000000000800902c        0xd Drivers/STM32G4xx_HAL_Driver/Src/stm32g4xx_hal_uart.o
 *fill*         0x0000000008009039        0x3 
 .rodata.UARTPrescTable
                0x000000000800903c       0x18 Drivers/STM32G4xx_HAL_Driver/Src/stm32g4xx_hal_uart.o
                0x000000000800903c                UARTPrescTable
 .rodata.UARTEx_SetNbDataToProcess.str1.4
                0x0000000008009054        0x9 Drivers/STM32G4xx_HAL_Driver/Src/stm32g4xx_hal_uart_ex.o
 .rodata.logf.str1.1
                0x000000000800905d        0x1 /Applications/STM32CubeIDE.app/Contents/Eclipse/plugins/com.st.stm32cube.ide.mcu.externaltools.gnu-tools-for-stm32.9-2020-q2-update.macos64_1.5.0.202011040924/tools/bin/../lib/gcc/arm-none-eabi/9.3.1/../../../../arm-none-eabi/lib/thumb/v7e-m+fp/hard/libm.a(lib_a-wf_log.o)
 *fill*         0x000000000800905e        0x2 
 .rodata.Zero   0x0000000008009060        0x8 /Applications/STM32CubeIDE.app/Contents/Eclipse/plugins/com.st.stm32cube.ide.mcu.externaltools.gnu-tools-for-stm32.9-2020-q2-update.macos64_1.5.0.202011040924/tools/bin/../lib/gcc/arm-none-eabi/9.3.1/../../../../arm-none-eabi/lib/thumb/v7e-m+fp/hard/libm.a(lib_a-ef_fmod.o)
                0x0000000008009068                . = ALIGN (0x4)

.ARM.extab      0x0000000008009068        0x0
                0x0000000008009068                . = ALIGN (0x4)
 *(.ARM.extab* .gnu.linkonce.armextab.*)
                0x0000000008009068                . = ALIGN (0x4)

.ARM            0x0000000008009068        0x8
                0x0000000008009068                . = ALIGN (0x4)
                0x0000000008009068                __exidx_start = .
 *(.ARM.exidx*)
 .ARM.exidx     0x0000000008009068        0x8 /Applications/STM32CubeIDE.app/Contents/Eclipse/plugins/com.st.stm32cube.ide.mcu.externaltools.gnu-tools-for-stm32.9-2020-q2-update.macos64_1.5.0.202011040924/tools/bin/../lib/gcc/arm-none-eabi/9.3.1/thumb/v7e-m+fp/hard/libgcc.a(_udivmoddi4.o)
                0x0000000008009070                __exidx_end = .
                0x0000000008009070                . = ALIGN (0x4)

.rel.dyn        0x0000000008009070        0x0
 .rel.iplt      0x0000000008009070        0x0 /Applications/STM32CubeIDE.app/Contents/Eclipse/plugins/com.st.stm32cube.ide.mcu.externaltools.gnu-tools-for-stm32.9-2020-q2-update.macos64_1.5.0.202011040924/tools/bin/../lib/gcc/arm-none-eabi/9.3.1/thumb/v7e-m+fp/hard/crtbegin.o

.preinit_array  0x0000000008009070        0x0
                0x0000000008009070                . = ALIGN (0x4)
                0x0000000008009070                PROVIDE (__preinit_array_start = .)
 *(.preinit_array*)
                0x0000000008009070                PROVIDE (__preinit_array_end = .)
                0x0000000008009070                . = ALIGN (0x4)

.init_array     0x0000000008009070        0x4
                0x0000000008009070                . = ALIGN (0x4)
                0x0000000008009070                PROVIDE (__init_array_start = .)
 *(SORT_BY_NAME(.init_array.*))
 *(.init_array*)
 .init_array    0x0000000008009070        0x4 /Applications/STM32CubeIDE.app/Contents/Eclipse/plugins/com.st.stm32cube.ide.mcu.externaltools.gnu-tools-for-stm32.9-2020-q2-update.macos64_1.5.0.202011040924/tools/bin/../lib/gcc/arm-none-eabi/9.3.1/thumb/v7e-m+fp/hard/crtbegin.o
                0x0000000008009074                PROVIDE (__init_array_end = .)
                0x0000000008009074                . = ALIGN (0x4)

.fini_array     0x0000000008009074        0x4
                0x0000000008009074                . = ALIGN (0x4)
                [!provide]                        PROVIDE (__fini_array_start = .)
 *(SORT_BY_NAME(.fini_array.*))
 *(.fini_array*)
 .fini_array    0x0000000008009074        0x4 /Applications/STM32CubeIDE.app/Contents/Eclipse/plugins/com.st.stm32cube.ide.mcu.externaltools.gnu-tools-for-stm32.9-2020-q2-update.macos64_1.5.0.202011040924/tools/bin/../lib/gcc/arm-none-eabi/9.3.1/thumb/v7e-m+fp/hard/crtbegin.o
                [!provide]                        PROVIDE (__fini_array_end = .)
                0x0000000008009078                . = ALIGN (0x4)
                0x0000000008009078                _sidata = LOADADDR (.data)

.data           0x0000000020000000       0xa0 load address 0x0000000008009078
                0x0000000020000000                . = ALIGN (0x4)
                0x0000000020000000                _sdata = .
 *(.data)
 *(.data*)
 .data.motor_current_input_adc_offset
                0x0000000020000000        0xc Core/Src/foc.o
 .data.SystemCoreClock
                0x000000002000000c        0x4 Core/Src/system_stm32g4xx.o
                0x000000002000000c                SystemCoreClock
 .data.uwTickFreq
                0x0000000020000010        0x4 Drivers/STM32G4xx_HAL_Driver/Src/stm32g4xx_hal.o
                0x0000000020000010                uwTickFreq
 .data.uwTickPrio
                0x0000000020000014        0x4 Drivers/STM32G4xx_HAL_Driver/Src/stm32g4xx_hal.o
                0x0000000020000014                uwTickPrio
 .data.pFlash   0x0000000020000018       0x20 Drivers/STM32G4xx_HAL_Driver/Src/stm32g4xx_hal_flash.o
                0x0000000020000018                pFlash
 .data._impure_ptr
                0x0000000020000038        0x4 /Applications/STM32CubeIDE.app/Contents/Eclipse/plugins/com.st.stm32cube.ide.mcu.externaltools.gnu-tools-for-stm32.9-2020-q2-update.macos64_1.5.0.202011040924/tools/bin/../lib/gcc/arm-none-eabi/9.3.1/../../../../arm-none-eabi/lib/thumb/v7e-m+fp/hard/libc_nano.a(lib_a-impure.o)
                0x0000000020000038                _impure_ptr
 .data.impure_data
                0x000000002000003c       0x60 /Applications/STM32CubeIDE.app/Contents/Eclipse/plugins/com.st.stm32cube.ide.mcu.externaltools.gnu-tools-for-stm32.9-2020-q2-update.macos64_1.5.0.202011040924/tools/bin/../lib/gcc/arm-none-eabi/9.3.1/../../../../arm-none-eabi/lib/thumb/v7e-m+fp/hard/libc_nano.a(lib_a-impure.o)
 .data.__fdlib_version
                0x000000002000009c        0x1 /Applications/STM32CubeIDE.app/Contents/Eclipse/plugins/com.st.stm32cube.ide.mcu.externaltools.gnu-tools-for-stm32.9-2020-q2-update.macos64_1.5.0.202011040924/tools/bin/../lib/gcc/arm-none-eabi/9.3.1/../../../../arm-none-eabi/lib/thumb/v7e-m+fp/hard/libm.a(lib_a-s_lib_ver.o)
                0x000000002000009c                __fdlib_version
 *(.RamFunc)
 *(.RamFunc*)
                0x00000000200000a0                . = ALIGN (0x4)
 *fill*         0x000000002000009d        0x3 
                0x00000000200000a0                _edata = .

.igot.plt       0x00000000200000a0        0x0 load address 0x0000000008009118
 .igot.plt      0x00000000200000a0        0x0 /Applications/STM32CubeIDE.app/Contents/Eclipse/plugins/com.st.stm32cube.ide.mcu.externaltools.gnu-tools-for-stm32.9-2020-q2-update.macos64_1.5.0.202011040924/tools/bin/../lib/gcc/arm-none-eabi/9.3.1/thumb/v7e-m+fp/hard/crtbegin.o
                0x00000000200000a0                . = ALIGN (0x4)

.bss            0x00000000200000a0     0x386c load address 0x0000000008009118
                0x00000000200000a0                _sbss = .
                0x00000000200000a0                __bss_start__ = _sbss
 *(.bss)
 .bss           0x00000000200000a0       0x1c /Applications/STM32CubeIDE.app/Contents/Eclipse/plugins/com.st.stm32cube.ide.mcu.externaltools.gnu-tools-for-stm32.9-2020-q2-update.macos64_1.5.0.202011040924/tools/bin/../lib/gcc/arm-none-eabi/9.3.1/thumb/v7e-m+fp/hard/crtbegin.o
 *(.bss*)
 .bss.ADC1_DMA  0x00000000200000bc        0xa Core/Src/foc.o
                0x00000000200000bc                ADC1_DMA
 *fill*         0x00000000200000c6        0x2 
 .bss.ADC2_DMA  0x00000000200000c8        0x6 Core/Src/foc.o
                0x00000000200000c8                ADC2_DMA
 *fill*         0x00000000200000ce        0x2 
 .bss.InBuff.10616
                0x00000000200000d0        0x4 Core/Src/foc.o
 .bss.OutBuff.10617
                0x00000000200000d4        0x8 Core/Src/foc.o
 .bss.absolute_position_multi_rad
                0x00000000200000dc        0x4 Core/Src/foc.o
 .bss.absolute_position_rad
                0x00000000200000e0        0x4 Core/Src/foc.o
 .bss.average_processing_time_us
                0x00000000200000e4        0x4 Core/Src/foc.o
 .bss.cosine_theta.11033
                0x00000000200000e8        0x4 Core/Src/foc.o
 .bss.cosine_theta.11071
                0x00000000200000ec        0x4 Core/Src/foc.o
 .bss.current_samples
                0x00000000200000f0        0x4 Core/Src/foc.o
 .bss.last_time_us.11031
                0x00000000200000f4        0x4 Core/Src/foc.o
 .bss.motor_current_input_adc
                0x00000000200000f8        0x6 Core/Src/foc.o
 *fill*         0x00000000200000fe        0x2 
 .bss.motor_current_mA
                0x0000000020000100        0xc Core/Src/foc.o
 .bss.motor_current_sample_adc
                0x000000002000010c        0x6 Core/Src/foc.o
 *fill*         0x0000000020000112        0x2 
 .bss.pid_flux  0x0000000020000114        0xc Core/Src/foc.o
 .bss.pid_torque
                0x0000000020000120        0xc Core/Src/foc.o
 .bss.present_Id_filtered
                0x000000002000012c        0x4 Core/Src/foc.o
 .bss.present_Iq_filtered
                0x0000000020000130        0x4 Core/Src/foc.o
 .bss.present_current_sq
                0x0000000020000134        0x4 Core/Src/foc.o
 .bss.present_temperature_C
                0x0000000020000138        0x4 Core/Src/foc.o
 .bss.present_voltage_V
                0x000000002000013c        0x4 Core/Src/foc.o
 .bss.sine_theta.11034
                0x0000000020000140        0x4 Core/Src/foc.o
 .bss.sine_theta.11072
                0x0000000020000144        0x4 Core/Src/foc.o
 .bss.temperature_input_adc
                0x0000000020000148        0x4 Core/Src/foc.o
 .bss.theta_rad.11030
                0x000000002000014c        0x4 Core/Src/foc.o
 .bss.vbus_input_adc
                0x0000000020000150        0x4 Core/Src/foc.o
 .bss.velocity_dps
                0x0000000020000154        0x4 Core/Src/foc.o
 .bss.RxData    0x0000000020000158        0x8 Core/Src/main.o
 .bss.RxHeader  0x0000000020000160       0x28 Core/Src/main.o
 .bss.TxData    0x0000000020000188        0x8 Core/Src/main.o
 .bss.TxHeader  0x0000000020000190       0x24 Core/Src/main.o
 .bss.counter.10874
                0x00000000200001b4        0x4 Core/Src/main.o
 .bss.calls     0x00000000200001b8        0x4 Core/Src/position_sensor.o
 .bss.delta_position_rad
                0x00000000200001bc        0x4 Core/Src/position_sensor.o
 .bss.last_position_rad
                0x00000000200001c0        0x4 Core/Src/position_sensor.o
 .bss.last_position_time_us
                0x00000000200001c4        0x2 Core/Src/position_sensor.o
 .bss.position_delta_time_us
                0x00000000200001c6        0x2 Core/Src/position_sensor.o
 .bss.position_sensor_error
                0x00000000200001c8        0x4 Core/Src/position_sensor.o
 .bss.position_sensor_error_counter
                0x00000000200001cc        0x4 Core/Src/position_sensor.o
 .bss.position_sensor_htim
                0x00000000200001d0        0x4 Core/Src/position_sensor.o
 .bss.present_position_multi_rad
                0x00000000200001d4        0x4 Core/Src/position_sensor.o
 .bss.present_position_rad
                0x00000000200001d8        0x4 Core/Src/position_sensor.o
 .bss.present_revolution
                0x00000000200001dc        0x4 Core/Src/position_sensor.o
 .bss.present_time_us
                0x00000000200001e0        0x2 Core/Src/position_sensor.o
 *fill*         0x00000000200001e2        0x2 
 .bss.present_velocity_rad
                0x00000000200001e4        0x4 Core/Src/position_sensor.o
 .bss.packet_state
                0x00000000200001e8        0x1 Core/Src/protocol.o
                0x00000000200001e8                packet_state
 *fill*         0x00000000200001e9        0x3 
 .bss.rx_packet_payload_bytes
                0x00000000200001ec        0x4 Core/Src/protocol.o
                0x00000000200001ec                rx_packet_payload_bytes
 .bss.rx_packet_position
                0x00000000200001f0        0x4 Core/Src/protocol.o
                0x00000000200001f0                rx_packet_position
 .bss.tx_packet_length
                0x00000000200001f4        0x4 Core/Src/protocol.o
                0x00000000200001f4                tx_packet_length
 .bss.hserial_table
                0x00000000200001f8        0x4 Core/Src/serial.o
                0x00000000200001f8                hserial_table
 .bss.id.10338  0x00000000200001fc        0x4 Core/Src/serial.o
 .bss.id.10386  0x0000000020000200        0x4 Core/Src/serial.o
 .bss.serial_counter
                0x0000000020000204        0x4 Core/Src/serial.o
                0x0000000020000204                serial_counter
 .bss.HAL_RCC_ADC12_CLK_ENABLED
                0x0000000020000208        0x4 Core/Src/stm32g4xx_hal_msp.o
 *(COMMON)
 COMMON         0x000000002000020c       0xb2 Core/Src/control_table.o
                0x000000002000020c                regs
 *fill*         0x00000000200002be        0x2 
 COMMON         0x00000000200002c0     0x2db0 Core/Src/main.o
                0x00000000200002c0                hdma_usart2_rx
                0x0000000020000320                hopamp2
                0x000000002000035c                htim4
                0x00000000200003a8                hadc2
                0x0000000020000414                hopamp3
                0x0000000020000450                hopamp1
                0x000000002000048c                hadc1
                0x00000000200004f8                hdma_usart2_tx
                0x0000000020000558                serial
                0x0000000020002e00                hdma_adc1
                0x0000000020002e60                hcordic
                0x0000000020002e88                hfdcan1
                0x0000000020002eec                htim6
                0x0000000020002f38                htim1
                0x0000000020002f84                huart2
                0x0000000020003010                hdma_adc2
 COMMON         0x0000000020003070      0x898 Core/Src/protocol.o
                0x0000000020003070                rx_packet_buffer
                0x00000000200034bc                tx_packet_buffer
 COMMON         0x0000000020003908        0x4 Drivers/STM32G4xx_HAL_Driver/Src/stm32g4xx_hal.o
                0x0000000020003908                uwTick
                0x000000002000390c                . = ALIGN (0x4)
                0x000000002000390c                _ebss = .
                0x000000002000390c                __bss_end__ = _ebss

._user_heap_stack
                0x000000002000390c      0x604 load address 0x0000000008009118
                0x0000000020003910                . = ALIGN (0x8)
 *fill*         0x000000002000390c        0x4 
                [!provide]                        PROVIDE (end = .)
                0x0000000020003910                PROVIDE (_end = .)
                0x0000000020003b10                . = (. + _Min_Heap_Size)
 *fill*         0x0000000020003910      0x200 
                0x0000000020003f10                . = (. + _Min_Stack_Size)
 *fill*         0x0000000020003b10      0x400 
                0x0000000020003f10                . = ALIGN (0x8)

/DISCARD/
 libc.a(*)
 libm.a(*)
 libgcc.a(*)

.ARM.attributes
                0x0000000000000000       0x30
 *(.ARM.attributes)
 .ARM.attributes
                0x0000000000000000       0x1e /Applications/STM32CubeIDE.app/Contents/Eclipse/plugins/com.st.stm32cube.ide.mcu.externaltools.gnu-tools-for-stm32.9-2020-q2-update.macos64_1.5.0.202011040924/tools/bin/../lib/gcc/arm-none-eabi/9.3.1/thumb/v7e-m+fp/hard/crti.o
 .ARM.attributes
                0x000000000000001e       0x34 /Applications/STM32CubeIDE.app/Contents/Eclipse/plugins/com.st.stm32cube.ide.mcu.externaltools.gnu-tools-for-stm32.9-2020-q2-update.macos64_1.5.0.202011040924/tools/bin/../lib/gcc/arm-none-eabi/9.3.1/thumb/v7e-m+fp/hard/crtbegin.o
 .ARM.attributes
                0x0000000000000052       0x34 Core/Src/control_table.o
 .ARM.attributes
                0x0000000000000086       0x34 Core/Src/eeprom.o
 .ARM.attributes
                0x00000000000000ba       0x34 Core/Src/foc.o
 .ARM.attributes
                0x00000000000000ee       0x34 Core/Src/main.o
 .ARM.attributes
                0x0000000000000122       0x34 Core/Src/math_tool.o
 .ARM.attributes
                0x0000000000000156       0x34 Core/Src/pic.o
 .ARM.attributes
                0x000000000000018a       0x34 Core/Src/position_sensor.o
 .ARM.attributes
                0x00000000000001be       0x34 Core/Src/protocol.o
 .ARM.attributes
                0x00000000000001f2       0x34 Core/Src/serial.o
 .ARM.attributes
                0x0000000000000226       0x34 Core/Src/stm32g4xx_hal_msp.o
 .ARM.attributes
                0x000000000000025a       0x34 Core/Src/stm32g4xx_it.o
 .ARM.attributes
                0x000000000000028e       0x34 Core/Src/system_stm32g4xx.o
 .ARM.attributes
                0x00000000000002c2       0x21 Core/Startup/startup_stm32g431cbux.o
 .ARM.attributes
                0x00000000000002e3       0x34 Drivers/STM32G4xx_HAL_Driver/Src/stm32g4xx_hal.o
 .ARM.attributes
                0x0000000000000317       0x34 Drivers/STM32G4xx_HAL_Driver/Src/stm32g4xx_hal_adc.o
 .ARM.attributes
                0x000000000000034b       0x34 Drivers/STM32G4xx_HAL_Driver/Src/stm32g4xx_hal_adc_ex.o
 .ARM.attributes
                0x000000000000037f       0x34 Drivers/STM32G4xx_HAL_Driver/Src/stm32g4xx_hal_cordic.o
 .ARM.attributes
                0x00000000000003b3       0x34 Drivers/STM32G4xx_HAL_Driver/Src/stm32g4xx_hal_cortex.o
 .ARM.attributes
                0x00000000000003e7       0x34 Drivers/STM32G4xx_HAL_Driver/Src/stm32g4xx_hal_dma.o
 .ARM.attributes
                0x000000000000041b       0x34 Drivers/STM32G4xx_HAL_Driver/Src/stm32g4xx_hal_fdcan.o
 .ARM.attributes
                0x000000000000044f       0x34 Drivers/STM32G4xx_HAL_Driver/Src/stm32g4xx_hal_flash.o
 .ARM.attributes
                0x0000000000000483       0x34 Drivers/STM32G4xx_HAL_Driver/Src/stm32g4xx_hal_flash_ex.o
 .ARM.attributes
                0x00000000000004b7       0x34 Drivers/STM32G4xx_HAL_Driver/Src/stm32g4xx_hal_gpio.o
 .ARM.attributes
                0x00000000000004eb       0x34 Drivers/STM32G4xx_HAL_Driver/Src/stm32g4xx_hal_opamp.o
 .ARM.attributes
                0x000000000000051f       0x34 Drivers/STM32G4xx_HAL_Driver/Src/stm32g4xx_hal_pwr_ex.o
 .ARM.attributes
                0x0000000000000553       0x34 Drivers/STM32G4xx_HAL_Driver/Src/stm32g4xx_hal_rcc.o
 .ARM.attributes
                0x0000000000000587       0x34 Drivers/STM32G4xx_HAL_Driver/Src/stm32g4xx_hal_rcc_ex.o
 .ARM.attributes
                0x00000000000005bb       0x34 Drivers/STM32G4xx_HAL_Driver/Src/stm32g4xx_hal_tim.o
 .ARM.attributes
                0x00000000000005ef       0x34 Drivers/STM32G4xx_HAL_Driver/Src/stm32g4xx_hal_tim_ex.o
 .ARM.attributes
                0x0000000000000623       0x34 Drivers/STM32G4xx_HAL_Driver/Src/stm32g4xx_hal_uart.o
 .ARM.attributes
                0x0000000000000657       0x34 Drivers/STM32G4xx_HAL_Driver/Src/stm32g4xx_hal_uart_ex.o
 .ARM.attributes
                0x000000000000068b       0x34 /Applications/STM32CubeIDE.app/Contents/Eclipse/plugins/com.st.stm32cube.ide.mcu.externaltools.gnu-tools-for-stm32.9-2020-q2-update.macos64_1.5.0.202011040924/tools/bin/../lib/gcc/arm-none-eabi/9.3.1/../../../../arm-none-eabi/lib/thumb/v7e-m+fp/hard/libc_nano.a(lib_a-errno.o)
 .ARM.attributes
                0x00000000000006bf       0x32 /Applications/STM32CubeIDE.app/Contents/Eclipse/plugins/com.st.stm32cube.ide.mcu.externaltools.gnu-tools-for-stm32.9-2020-q2-update.macos64_1.5.0.202011040924/tools/bin/../lib/gcc/arm-none-eabi/9.3.1/../../../../arm-none-eabi/lib/thumb/v7e-m+fp/hard/libc_nano.a(lib_a-impure.o)
 .ARM.attributes
                0x00000000000006f1       0x34 /Applications/STM32CubeIDE.app/Contents/Eclipse/plugins/com.st.stm32cube.ide.mcu.externaltools.gnu-tools-for-stm32.9-2020-q2-update.macos64_1.5.0.202011040924/tools/bin/../lib/gcc/arm-none-eabi/9.3.1/../../../../arm-none-eabi/lib/thumb/v7e-m+fp/hard/libc_nano.a(lib_a-init.o)
 .ARM.attributes
                0x0000000000000725       0x34 /Applications/STM32CubeIDE.app/Contents/Eclipse/plugins/com.st.stm32cube.ide.mcu.externaltools.gnu-tools-for-stm32.9-2020-q2-update.macos64_1.5.0.202011040924/tools/bin/../lib/gcc/arm-none-eabi/9.3.1/../../../../arm-none-eabi/lib/thumb/v7e-m+fp/hard/libc_nano.a(lib_a-memcpy-stub.o)
 .ARM.attributes
                0x0000000000000759       0x34 /Applications/STM32CubeIDE.app/Contents/Eclipse/plugins/com.st.stm32cube.ide.mcu.externaltools.gnu-tools-for-stm32.9-2020-q2-update.macos64_1.5.0.202011040924/tools/bin/../lib/gcc/arm-none-eabi/9.3.1/../../../../arm-none-eabi/lib/thumb/v7e-m+fp/hard/libc_nano.a(lib_a-memset.o)
 .ARM.attributes
                0x000000000000078d       0x34 /Applications/STM32CubeIDE.app/Contents/Eclipse/plugins/com.st.stm32cube.ide.mcu.externaltools.gnu-tools-for-stm32.9-2020-q2-update.macos64_1.5.0.202011040924/tools/bin/../lib/gcc/arm-none-eabi/9.3.1/../../../../arm-none-eabi/lib/thumb/v7e-m+fp/hard/libm.a(lib_a-sf_fmax.o)
 .ARM.attributes
                0x00000000000007c1       0x34 /Applications/STM32CubeIDE.app/Contents/Eclipse/plugins/com.st.stm32cube.ide.mcu.externaltools.gnu-tools-for-stm32.9-2020-q2-update.macos64_1.5.0.202011040924/tools/bin/../lib/gcc/arm-none-eabi/9.3.1/../../../../arm-none-eabi/lib/thumb/v7e-m+fp/hard/libm.a(lib_a-sf_fmin.o)
 .ARM.attributes
                0x00000000000007f5       0x34 /Applications/STM32CubeIDE.app/Contents/Eclipse/plugins/com.st.stm32cube.ide.mcu.externaltools.gnu-tools-for-stm32.9-2020-q2-update.macos64_1.5.0.202011040924/tools/bin/../lib/gcc/arm-none-eabi/9.3.1/../../../../arm-none-eabi/lib/thumb/v7e-m+fp/hard/libm.a(lib_a-sf_fpclassify.o)
 .ARM.attributes
                0x0000000000000829       0x34 /Applications/STM32CubeIDE.app/Contents/Eclipse/plugins/com.st.stm32cube.ide.mcu.externaltools.gnu-tools-for-stm32.9-2020-q2-update.macos64_1.5.0.202011040924/tools/bin/../lib/gcc/arm-none-eabi/9.3.1/../../../../arm-none-eabi/lib/thumb/v7e-m+fp/hard/libm.a(lib_a-sf_round.o)
 .ARM.attributes
                0x000000000000085d       0x34 /Applications/STM32CubeIDE.app/Contents/Eclipse/plugins/com.st.stm32cube.ide.mcu.externaltools.gnu-tools-for-stm32.9-2020-q2-update.macos64_1.5.0.202011040924/tools/bin/../lib/gcc/arm-none-eabi/9.3.1/../../../../arm-none-eabi/lib/thumb/v7e-m+fp/hard/libm.a(lib_a-wf_fmod.o)
 .ARM.attributes
                0x0000000000000891       0x34 /Applications/STM32CubeIDE.app/Contents/Eclipse/plugins/com.st.stm32cube.ide.mcu.externaltools.gnu-tools-for-stm32.9-2020-q2-update.macos64_1.5.0.202011040924/tools/bin/../lib/gcc/arm-none-eabi/9.3.1/../../../../arm-none-eabi/lib/thumb/v7e-m+fp/hard/libm.a(lib_a-wf_log.o)
 .ARM.attributes
                0x00000000000008c5       0x34 /Applications/STM32CubeIDE.app/Contents/Eclipse/plugins/com.st.stm32cube.ide.mcu.externaltools.gnu-tools-for-stm32.9-2020-q2-update.macos64_1.5.0.202011040924/tools/bin/../lib/gcc/arm-none-eabi/9.3.1/../../../../arm-none-eabi/lib/thumb/v7e-m+fp/hard/libm.a(lib_a-wf_sqrt.o)
 .ARM.attributes
                0x00000000000008f9       0x34 /Applications/STM32CubeIDE.app/Contents/Eclipse/plugins/com.st.stm32cube.ide.mcu.externaltools.gnu-tools-for-stm32.9-2020-q2-update.macos64_1.5.0.202011040924/tools/bin/../lib/gcc/arm-none-eabi/9.3.1/../../../../arm-none-eabi/lib/thumb/v7e-m+fp/hard/libm.a(lib_a-ef_fmod.o)
 .ARM.attributes
                0x000000000000092d       0x34 /Applications/STM32CubeIDE.app/Contents/Eclipse/plugins/com.st.stm32cube.ide.mcu.externaltools.gnu-tools-for-stm32.9-2020-q2-update.macos64_1.5.0.202011040924/tools/bin/../lib/gcc/arm-none-eabi/9.3.1/../../../../arm-none-eabi/lib/thumb/v7e-m+fp/hard/libm.a(lib_a-ef_log.o)
 .ARM.attributes
                0x0000000000000961       0x34 /Applications/STM32CubeIDE.app/Contents/Eclipse/plugins/com.st.stm32cube.ide.mcu.externaltools.gnu-tools-for-stm32.9-2020-q2-update.macos64_1.5.0.202011040924/tools/bin/../lib/gcc/arm-none-eabi/9.3.1/../../../../arm-none-eabi/lib/thumb/v7e-m+fp/hard/libm.a(lib_a-ef_sqrt.o)
 .ARM.attributes
                0x0000000000000995       0x32 /Applications/STM32CubeIDE.app/Contents/Eclipse/plugins/com.st.stm32cube.ide.mcu.externaltools.gnu-tools-for-stm32.9-2020-q2-update.macos64_1.5.0.202011040924/tools/bin/../lib/gcc/arm-none-eabi/9.3.1/../../../../arm-none-eabi/lib/thumb/v7e-m+fp/hard/libm.a(lib_a-s_lib_ver.o)
 .ARM.attributes
                0x00000000000009c7       0x34 /Applications/STM32CubeIDE.app/Contents/Eclipse/plugins/com.st.stm32cube.ide.mcu.externaltools.gnu-tools-for-stm32.9-2020-q2-update.macos64_1.5.0.202011040924/tools/bin/../lib/gcc/arm-none-eabi/9.3.1/../../../../arm-none-eabi/lib/thumb/v7e-m+fp/hard/libm.a(lib_a-sf_nan.o)
 .ARM.attributes
                0x00000000000009fb       0x1e /Applications/STM32CubeIDE.app/Contents/Eclipse/plugins/com.st.stm32cube.ide.mcu.externaltools.gnu-tools-for-stm32.9-2020-q2-update.macos64_1.5.0.202011040924/tools/bin/../lib/gcc/arm-none-eabi/9.3.1/thumb/v7e-m+fp/hard/libgcc.a(_arm_addsubdf3.o)
 .ARM.attributes
                0x0000000000000a19       0x1e /Applications/STM32CubeIDE.app/Contents/Eclipse/plugins/com.st.stm32cube.ide.mcu.externaltools.gnu-tools-for-stm32.9-2020-q2-update.macos64_1.5.0.202011040924/tools/bin/../lib/gcc/arm-none-eabi/9.3.1/thumb/v7e-m+fp/hard/libgcc.a(_arm_muldivdf3.o)
 .ARM.attributes
                0x0000000000000a37       0x1e /Applications/STM32CubeIDE.app/Contents/Eclipse/plugins/com.st.stm32cube.ide.mcu.externaltools.gnu-tools-for-stm32.9-2020-q2-update.macos64_1.5.0.202011040924/tools/bin/../lib/gcc/arm-none-eabi/9.3.1/thumb/v7e-m+fp/hard/libgcc.a(_arm_cmpdf2.o)
 .ARM.attributes
                0x0000000000000a55       0x1e /Applications/STM32CubeIDE.app/Contents/Eclipse/plugins/com.st.stm32cube.ide.mcu.externaltools.gnu-tools-for-stm32.9-2020-q2-update.macos64_1.5.0.202011040924/tools/bin/../lib/gcc/arm-none-eabi/9.3.1/thumb/v7e-m+fp/hard/libgcc.a(_arm_fixdfsi.o)
 .ARM.attributes
                0x0000000000000a73       0x1e /Applications/STM32CubeIDE.app/Contents/Eclipse/plugins/com.st.stm32cube.ide.mcu.externaltools.gnu-tools-for-stm32.9-2020-q2-update.macos64_1.5.0.202011040924/tools/bin/../lib/gcc/arm-none-eabi/9.3.1/thumb/v7e-m+fp/hard/libgcc.a(_arm_truncdfsf2.o)
 .ARM.attributes
                0x0000000000000a91       0x1e /Applications/STM32CubeIDE.app/Contents/Eclipse/plugins/com.st.stm32cube.ide.mcu.externaltools.gnu-tools-for-stm32.9-2020-q2-update.macos64_1.5.0.202011040924/tools/bin/../lib/gcc/arm-none-eabi/9.3.1/thumb/v7e-m+fp/hard/libgcc.a(_aeabi_uldivmod.o)
 .ARM.attributes
                0x0000000000000aaf       0x34 /Applications/STM32CubeIDE.app/Contents/Eclipse/plugins/com.st.stm32cube.ide.mcu.externaltools.gnu-tools-for-stm32.9-2020-q2-update.macos64_1.5.0.202011040924/tools/bin/../lib/gcc/arm-none-eabi/9.3.1/thumb/v7e-m+fp/hard/libgcc.a(_udivmoddi4.o)
 .ARM.attributes
                0x0000000000000ae3       0x1e /Applications/STM32CubeIDE.app/Contents/Eclipse/plugins/com.st.stm32cube.ide.mcu.externaltools.gnu-tools-for-stm32.9-2020-q2-update.macos64_1.5.0.202011040924/tools/bin/../lib/gcc/arm-none-eabi/9.3.1/thumb/v7e-m+fp/hard/libgcc.a(_dvmd_tls.o)
 .ARM.attributes
                0x0000000000000b01       0x1e /Applications/STM32CubeIDE.app/Contents/Eclipse/plugins/com.st.stm32cube.ide.mcu.externaltools.gnu-tools-for-stm32.9-2020-q2-update.macos64_1.5.0.202011040924/tools/bin/../lib/gcc/arm-none-eabi/9.3.1/thumb/v7e-m+fp/hard/crtn.o
OUTPUT(B-G431B-ESC1.elf elf32-littlearm)
LOAD linker stubs
LOAD /Applications/STM32CubeIDE.app/Contents/Eclipse/plugins/com.st.stm32cube.ide.mcu.externaltools.gnu-tools-for-stm32.9-2020-q2-update.macos64_1.5.0.202011040924/tools/bin/../lib/gcc/arm-none-eabi/9.3.1/../../../../arm-none-eabi/lib/thumb/v7e-m+fp/hard/libc.a
LOAD /Applications/STM32CubeIDE.app/Contents/Eclipse/plugins/com.st.stm32cube.ide.mcu.externaltools.gnu-tools-for-stm32.9-2020-q2-update.macos64_1.5.0.202011040924/tools/bin/../lib/gcc/arm-none-eabi/9.3.1/../../../../arm-none-eabi/lib/thumb/v7e-m+fp/hard/libm.a
LOAD /Applications/STM32CubeIDE.app/Contents/Eclipse/plugins/com.st.stm32cube.ide.mcu.externaltools.gnu-tools-for-stm32.9-2020-q2-update.macos64_1.5.0.202011040924/tools/bin/../lib/gcc/arm-none-eabi/9.3.1/thumb/v7e-m+fp/hard/libgcc.a

.comment        0x0000000000000000       0x53
 .comment       0x0000000000000000       0x53 Core/Src/control_table.o
                                         0x54 (size before relaxing)
 .comment       0x0000000000000053       0x54 Core/Src/eeprom.o
 .comment       0x0000000000000053       0x54 Core/Src/foc.o
 .comment       0x0000000000000053       0x54 Core/Src/main.o
 .comment       0x0000000000000053       0x54 Core/Src/math_tool.o
 .comment       0x0000000000000053       0x54 Core/Src/pic.o
 .comment       0x0000000000000053       0x54 Core/Src/position_sensor.o
 .comment       0x0000000000000053       0x54 Core/Src/protocol.o
 .comment       0x0000000000000053       0x54 Core/Src/serial.o
 .comment       0x0000000000000053       0x54 Core/Src/stm32g4xx_hal_msp.o
 .comment       0x0000000000000053       0x54 Core/Src/stm32g4xx_it.o
 .comment       0x0000000000000053       0x54 Core/Src/system_stm32g4xx.o
 .comment       0x0000000000000053       0x54 Drivers/STM32G4xx_HAL_Driver/Src/stm32g4xx_hal.o
 .comment       0x0000000000000053       0x54 Drivers/STM32G4xx_HAL_Driver/Src/stm32g4xx_hal_adc.o
 .comment       0x0000000000000053       0x54 Drivers/STM32G4xx_HAL_Driver/Src/stm32g4xx_hal_adc_ex.o
 .comment       0x0000000000000053       0x54 Drivers/STM32G4xx_HAL_Driver/Src/stm32g4xx_hal_cordic.o
 .comment       0x0000000000000053       0x54 Drivers/STM32G4xx_HAL_Driver/Src/stm32g4xx_hal_cortex.o
 .comment       0x0000000000000053       0x54 Drivers/STM32G4xx_HAL_Driver/Src/stm32g4xx_hal_dma.o
 .comment       0x0000000000000053       0x54 Drivers/STM32G4xx_HAL_Driver/Src/stm32g4xx_hal_fdcan.o
 .comment       0x0000000000000053       0x54 Drivers/STM32G4xx_HAL_Driver/Src/stm32g4xx_hal_flash.o
 .comment       0x0000000000000053       0x54 Drivers/STM32G4xx_HAL_Driver/Src/stm32g4xx_hal_flash_ex.o
 .comment       0x0000000000000053       0x54 Drivers/STM32G4xx_HAL_Driver/Src/stm32g4xx_hal_gpio.o
 .comment       0x0000000000000053       0x54 Drivers/STM32G4xx_HAL_Driver/Src/stm32g4xx_hal_opamp.o
 .comment       0x0000000000000053       0x54 Drivers/STM32G4xx_HAL_Driver/Src/stm32g4xx_hal_pwr_ex.o
 .comment       0x0000000000000053       0x54 Drivers/STM32G4xx_HAL_Driver/Src/stm32g4xx_hal_rcc.o
 .comment       0x0000000000000053       0x54 Drivers/STM32G4xx_HAL_Driver/Src/stm32g4xx_hal_rcc_ex.o
 .comment       0x0000000000000053       0x54 Drivers/STM32G4xx_HAL_Driver/Src/stm32g4xx_hal_tim.o
 .comment       0x0000000000000053       0x54 Drivers/STM32G4xx_HAL_Driver/Src/stm32g4xx_hal_tim_ex.o
 .comment       0x0000000000000053       0x54 Drivers/STM32G4xx_HAL_Driver/Src/stm32g4xx_hal_uart.o
 .comment       0x0000000000000053       0x54 Drivers/STM32G4xx_HAL_Driver/Src/stm32g4xx_hal_uart_ex.o

.debug_frame    0x0000000000000000      0x4f4
 .debug_frame   0x0000000000000000       0x20 /Applications/STM32CubeIDE.app/Contents/Eclipse/plugins/com.st.stm32cube.ide.mcu.externaltools.gnu-tools-for-stm32.9-2020-q2-update.macos64_1.5.0.202011040924/tools/bin/../lib/gcc/arm-none-eabi/9.3.1/../../../../arm-none-eabi/lib/thumb/v7e-m+fp/hard/libc_nano.a(lib_a-errno.o)