cordic.h:22:7:WRAP_TO_PI	8	static
cordic.h:30:9:FLOAT_RADIANS_TO_Q31	8	static
cordic.h:37:19:API_CORDIC_Processor_Init	48	static
cordic.h:51:19:API_CORDIC_Processor_Update	24	static
foc.c:82:6:API_FOC_Init	16	static
foc.c:114:6:LL_FOC_Update_Temperature	8	static
foc.c:146:6:LL_FOC_Update_Voltage	0	static
foc.c:173:6:LL_FOC_Inverse_Clarke_Park_PWM_Generation	32	static
foc.c:230:6:API_FOC_Set_Flux_Angle	32	static
foc.c:259:6:API_FOC_Set_Flux_Velocity	32	static
foc.c:294:5:API_FOC_Calibrate	48	static
foc.c:384:6:API_FOC_Torque_Update	64	static
foc.c:527:7:API_FOC_Get_Present_Current_SQ	0	static
foc.c:532:7:API_FOC_Get_Present_Position	0	static
foc.c:537:7:API_FOC_Get_Present_Position_Multi	0	static
foc.c:542:7:API_FOC_Get_Present_Velocity	0	static
foc.c:547:7:API_FOC_Get_Present_Torque_Current	0	static
foc.c:552:7:API_FOC_Get_Present_Flux_Current	0	static
foc.c:557:7:API_FOC_Get_Present_Voltage	0	static
foc.c:562:7:API_FOC_Get_Present_Temp	0	static
foc.c:567:7:API_FOC_Get_Processing_Time	0	static
foc.c:573:6:API_FOC_It	8	static
