position_sensor.c:37:6:API_AS5048A_Position_Sensor_Init	8	static
position_sensor.c:47:6:API_AS5048A_Position_Sensor_It	56	static
position_sensor.c:110:7:API_AS5048A_Position_Sensor_Get_Radians_Estimation	0	static
position_sensor.c:127:7:API_AS5048A_Position_Sensor_Get_Radians	0	static
position_sensor.c:132:7:API_AS5048A_Position_Sensor_Get_Multiturn_Radians	0	static
position_sensor.c:137:7:API_AS5048A_Position_Sensor_Get_RPS	0	static
position_sensor.c:142:7:API_AS5048A_Position_Sensor_Get_DPS	8	static
position_sensor.c:147:10:API_AS5048A_Position_Sensor_Get_Timestamp	0	static
position_sensor.c:152:10:API_AS5048A_Position_Sensor_Get_DeltaTimestamp	0	static
position_sensor.c:157:10:API_AS5048A_Position_Sensor_Error	0	static
position_sensor.c:162:10:API_AS5048A_Position_Sensor_Error_Counter	0	static
position_sensor.c:167:7:API_AS5048A_Position_Sensor_Get_DeltaRad	0	static
position_sensor.c:172:10:API_AS5048A_Position_Sensor_It_Counter	0	static
