stm32g4xx_hal_msp.c:73:6:HAL_MspInit	8	static
stm32g4xx_hal_msp.c:101:6:HAL_ADC_MspInit	64	static
stm32g4xx_hal_msp.c:202:6:HAL_ADC_MspDeInit	8	static
stm32g4xx_hal_msp.c:276:6:HAL_CORDIC_MspInit	16	static
stm32g4xx_hal_msp.c:301:6:HAL_CORDIC_MspDeInit	0	static
stm32g4xx_hal_msp.c:326:6:HAL_FDCAN_MspInit	48	static
stm32g4xx_hal_msp.c:370:6:HAL_FDCAN_MspDeInit	8	static
stm32g4xx_hal_msp.c:401:6:HAL_OPAMP_MspInit	40	static
stm32g4xx_hal_msp.c:473:6:HAL_OPAMP_MspDeInit	0	static
stm32g4xx_hal_msp.c:532:6:HAL_TIM_Base_MspInit	8	static
stm32g4xx_hal_msp.c:565:6:HAL_TIM_IC_MspInit	48	static
stm32g4xx_hal_msp.c:597:6:HAL_TIM_MspPostInit	48	static
stm32g4xx_hal_msp.c:650:6:HAL_TIM_Base_MspDeInit	0	static
stm32g4xx_hal_msp.c:683:6:HAL_TIM_IC_MspDeInit	8	static
stm32g4xx_hal_msp.c:713:6:HAL_UART_MspInit	48	static
stm32g4xx_hal_msp.c:787:6:HAL_UART_MspDeInit	8	static
