stm32g4xx_it.c:78:6:NMI_Handler	0	static
stm32g4xx_it.c:93:6:HardFault_Handler	0	static
stm32g4xx_it.c:108:6:MemManage_Handler	0	static
stm32g4xx_it.c:123:6:BusFault_Handler	0	static
stm32g4xx_it.c:138:6:UsageFault_Handler	0	static
stm32g4xx_it.c:153:6:SVC_Handler	0	static
stm32g4xx_it.c:166:6:DebugMon_Handler	0	static
stm32g4xx_it.c:179:6:PendSV_Handler	0	static
stm32g4xx_it.c:192:6:SysTick_Handler	0	static
stm32g4xx_it.c:213:6:DMA1_Channel1_IRQHandler	0	static
stm32g4xx_it.c:227:6:DMA1_Channel2_IRQHandler	0	static
stm32g4xx_it.c:241:6:DMA1_Channel3_IRQHandler	0	static
stm32g4xx_it.c:255:6:DMA1_Channel4_IRQHandler	0	static
stm32g4xx_it.c:269:6:ADC1_2_IRQHandler	8	static
stm32g4xx_it.c:284:6:TIM4_IRQHandler	0	static
stm32g4xx_it.c:298:6:USART2_IRQHandler	0	static
stm32g4xx_it.c:312:6:CORDIC_IRQHandler	0	static
